Component: ARM Compiler 5.05 update 1 (build 106) Tool: armlink [4d0efa]

==============================================================================

Section Cross References

    main.o(i.FAT_init) refers to w25qxx.o(i.W25QXX_Init) for W25QXX_Init
    main.o(i.FAT_init) refers to malloc.o(i.my_mem_init) for my_mem_init
    main.o(i.FAT_init) refers to lcd.o(i.LCD_ShowString) for LCD_ShowString
    main.o(i.FAT_init) refers to delay.o(i.delay_ms) for delay_ms
    main.o(i.FAT_init) refers to sdio_sdcard.o(i.SD_Init) for SD_Init
    main.o(i.FAT_init) refers to exfuns.o(i.exfuns_init) for exfuns_init
    main.o(i.FAT_init) refers to ff.o(i.f_mount) for f_mount
    main.o(i.FAT_init) refers to ff.o(i.f_mkfs) for f_mkfs
    main.o(i.FAT_init) refers to ff.o(i.f_setlabel) for f_setlabel
    main.o(i.FAT_init) refers to lcd.o(i.LCD_Fill) for LCD_Fill
    main.o(i.FAT_init) refers to exfuns.o(i.exf_getfree) for exf_getfree
    main.o(i.FAT_init) refers to lcd.o(i.LCD_ShowNum) for LCD_ShowNum
    main.o(i.FAT_init) refers to exfuns.o(.data) for fs
    main.o(i.FAT_init) refers to lcd.o(.data) for POINT_COLOR
    main.o(i.hardware_init) refers to misc.o(i.NVIC_PriorityGroupConfig) for NVIC_PriorityGroupConfig
    main.o(i.hardware_init) refers to delay.o(i.delay_init) for delay_init
    main.o(i.hardware_init) refers to usart.o(i.uart_init) for uart_init
    main.o(i.main) refers to main.o(i.hardware_init) for hardware_init
    main.o(i.main) refers to tasks.o(i.xTaskCreate) for xTaskCreate
    main.o(i.main) refers to tasks.o(i.vTaskStartScheduler) for vTaskStartScheduler
    main.o(i.main) refers to main.o(.data) for StartTask_Handler
    main.o(i.main) refers to main.o(i.start_task) for start_task
    main.o(i.start_task) refers to port.o(i.vPortEnterCritical) for vPortEnterCritical
    main.o(i.start_task) refers to app_check.o(i.CHECK_TaskCreat) for CHECK_TaskCreat
    main.o(i.start_task) refers to app_pwm.o(i.PWM_TaskCreat) for PWM_TaskCreat
    main.o(i.start_task) refers to tasks.o(i.vTaskDelete) for vTaskDelete
    main.o(i.start_task) refers to port.o(i.vPortExitCritical) for vPortExitCritical
    main.o(i.start_task) refers to main.o(.data) for StartTask_Handler
    system_stm32f10x.o(i.SetSysClock) refers to system_stm32f10x.o(i.SetSysClockTo72) for SetSysClockTo72
    system_stm32f10x.o(i.SystemCoreClockUpdate) refers to system_stm32f10x.o(.data) for SystemCoreClock
    system_stm32f10x.o(i.SystemInit) refers to system_stm32f10x.o(i.SetSysClock) for SetSysClock
    led.o(i.LED_Init) refers to stm32f10x_rcc.o(i.RCC_APB2PeriphClockCmd) for RCC_APB2PeriphClockCmd
    led.o(i.LED_Init) refers to stm32f10x_gpio.o(i.GPIO_Init) for GPIO_Init
    led.o(i.LED_Init) refers to stm32f10x_gpio.o(i.GPIO_SetBits) for GPIO_SetBits
    key.o(i.KEY_Init) refers to stm32f10x_rcc.o(i.RCC_APB2PeriphClockCmd) for RCC_APB2PeriphClockCmd
    key.o(i.KEY_Init) refers to stm32f10x_gpio.o(i.GPIO_Init) for GPIO_Init
    key.o(i.KEY_Scan) refers to stm32f10x_gpio.o(i.GPIO_ReadInputDataBit) for GPIO_ReadInputDataBit
    key.o(i.KEY_Scan) refers to delay.o(i.delay_ms) for delay_ms
    key.o(i.KEY_Scan) refers to key.o(.data) for key_up
    lcd.o(i.LCD_Clear) refers to lcd.o(i.LCD_SetCursor) for LCD_SetCursor
    lcd.o(i.LCD_Clear) refers to lcd.o(i.LCD_WriteRAM_Prepare) for LCD_WriteRAM_Prepare
    lcd.o(i.LCD_Clear) refers to lcd.o(.bss) for lcddev
    lcd.o(i.LCD_Color_Fill) refers to lcd.o(i.LCD_SetCursor) for LCD_SetCursor
    lcd.o(i.LCD_Color_Fill) refers to lcd.o(i.LCD_WriteRAM_Prepare) for LCD_WriteRAM_Prepare
    lcd.o(i.LCD_DisplayOff) refers to lcd.o(i.LCD_WR_REG) for LCD_WR_REG
    lcd.o(i.LCD_DisplayOff) refers to lcd.o(i.LCD_WriteReg) for LCD_WriteReg
    lcd.o(i.LCD_DisplayOff) refers to lcd.o(.bss) for lcddev
    lcd.o(i.LCD_DisplayOn) refers to lcd.o(i.LCD_WR_REG) for LCD_WR_REG
    lcd.o(i.LCD_DisplayOn) refers to lcd.o(i.LCD_WriteReg) for LCD_WriteReg
    lcd.o(i.LCD_DisplayOn) refers to lcd.o(.bss) for lcddev
    lcd.o(i.LCD_Display_Dir) refers to lcd.o(i.LCD_Scan_Dir) for LCD_Scan_Dir
    lcd.o(i.LCD_Display_Dir) refers to lcd.o(.bss) for lcddev
    lcd.o(i.LCD_DrawLine) refers to lcd.o(i.LCD_DrawPoint) for LCD_DrawPoint
    lcd.o(i.LCD_DrawPoint) refers to lcd.o(i.LCD_SetCursor) for LCD_SetCursor
    lcd.o(i.LCD_DrawPoint) refers to lcd.o(i.LCD_WriteRAM_Prepare) for LCD_WriteRAM_Prepare
    lcd.o(i.LCD_DrawPoint) refers to lcd.o(.data) for POINT_COLOR
    lcd.o(i.LCD_DrawRectangle) refers to lcd.o(i.LCD_DrawLine) for LCD_DrawLine
    lcd.o(i.LCD_Draw_Circle) refers to lcd.o(i.LCD_DrawPoint) for LCD_DrawPoint
    lcd.o(i.LCD_Fast_DrawPoint) refers to lcd.o(i.LCD_WR_REG) for LCD_WR_REG
    lcd.o(i.LCD_Fast_DrawPoint) refers to lcd.o(i.LCD_WR_DATA) for LCD_WR_DATA
    lcd.o(i.LCD_Fast_DrawPoint) refers to lcd.o(i.LCD_WriteReg) for LCD_WriteReg
    lcd.o(i.LCD_Fast_DrawPoint) refers to lcd.o(.bss) for lcddev
[...]
    i.prvSampleTimeNow                       0x08002800   Section        0  timers.o(i.prvSampleTimeNow)
    prvSampleTimeNow                         0x08002801   Thumb Code    40  timers.o(i.prvSampleTimeNow)
    i.prvSwitchTimerLists                    0x0800282c   Section        0  timers.o(i.prvSwitchTimerLists)
    prvSwitchTimerLists                      0x0800282d   Thumb Code   144  timers.o(i.prvSwitchTimerLists)
    i.prvTaskExitError                       0x080028ec   Section        0  port.o(i.prvTaskExitError)
    prvTaskExitError                         0x080028ed   Thumb Code    48  port.o(i.prvTaskExitError)
    i.prvTimerTask                           0x0800295c   Section        0  timers.o(i.prvTimerTask)
    prvTimerTask                             0x0800295d   Thumb Code    26  timers.o(i.prvTimerTask)
    i.prvUnlockQueue                         0x08002976   Section        0  queue.o(i.prvUnlockQueue)
    prvUnlockQueue                           0x08002977   Thumb Code   144  queue.o(i.prvUnlockQueue)
    i.pvPortMalloc                           0x08002a08   Section        0  heap_4.o(i.pvPortMalloc)
    i.pxPortInitialiseStack                  0x08002b68   Section        0  port.o(i.pxPortInitialiseStack)
    i.read_addr                              0x08002b8c   Section        0  usmart.o(i.read_addr)
    i.start_CHECK_task                       0x08002b94   Section        0  app_check.o(i.start_CHECK_task)
    start_CHECK_task                         0x08002b95   Thumb Code    40  app_check.o(i.start_CHECK_task)
    i.start_PWM_task                         0x08002bc4   Section        0  app_pwm.o(i.start_PWM_task)
    start_PWM_task                           0x08002bc5   Thumb Code    26  app_pwm.o(i.start_PWM_task)
    i.start_task                             0x08002be8   Section        0  main.o(i.start_task)
    i.uart_init                              0x08002c10   Section        0  usart.o(i.uart_init)
    i.usmart_cmd_rec                         0x08002cb0   Section        0  usmart.o(i.usmart_cmd_rec)
    i.usmart_exe                             0x08002d60   Section        0  usmart.o(i.usmart_exe)
    i.usmart_get_aparm                       0x08003034   Section        0  usmart_str.o(i.usmart_get_aparm)
    i.usmart_get_cmdname                     0x080030fc   Section        0  usmart_str.o(i.usmart_get_cmdname)
    i.usmart_get_fname                       0x08003134   Section        0  usmart_str.o(i.usmart_get_fname)
    i.usmart_get_fparam                      0x080032f4   Section        0  usmart_str.o(i.usmart_get_fparam)
    i.usmart_get_parmpos                     0x08003400   Section        0  usmart_str.o(i.usmart_get_parmpos)
    i.usmart_get_runtime                     0x08003420   Section        0  usmart.o(i.usmart_get_runtime)
    i.usmart_init                            0x08003464   Section        0  usmart.o(i.usmart_init)
    i.usmart_pow                             0x0800348c   Section        0  usmart_str.o(i.usmart_pow)
    i.usmart_reset_runtime                   0x080034a4   Section        0  usmart.o(i.usmart_reset_runtime)
    i.usmart_scan                            0x080034d4   Section        0  usmart.o(i.usmart_scan)
    i.usmart_search_nextc                    0x08003590   Section        0  usmart_str.o(i.usmart_search_nextc)
    i.usmart_str2num                         0x080035a6   Section        0  usmart_str.o(i.usmart_str2num)
    i.usmart_strcmp                          0x08003670   Section        0  usmart_str.o(i.usmart_strcmp)
    i.usmart_strcopy                         0x08003692   Section        0  usmart_str.o(i.usmart_strcopy)
    i.usmart_strlen                          0x080036a8   Section        0  usmart_str.o(i.usmart_strlen)
    i.usmart_sys_cmd_exe                     0x080036c0   Section        0  usmart.o(i.usmart_sys_cmd_exe)
    i.uxListRemove                           0x08003da4   Section        0  list.o(i.uxListRemove)
    i.vListInitialise                        0x08003dcc   Section        0  list.o(i.vListInitialise)
    i.vListInitialiseItem                    0x08003de6   Section        0  list.o(i.vListInitialiseItem)
    i.vListInsert                            0x08003dec   Section        0  list.o(i.vListInsert)
    i.vListInsertEnd                         0x08003e20   Section        0  list.o(i.vListInsertEnd)
    i.vPortEnterCritical                     0x08003e38   Section        0  port.o(i.vPortEnterCritical)
    i.vPortExitCritical                      0x08003ec0   Section        0  port.o(i.vPortExitCritical)
    i.vPortFree                              0x08003f30   Section        0  heap_4.o(i.vPortFree)
    i.vPortSetupTimerInterrupt               0x08003ff8   Section        0  port.o(i.vPortSetupTimerInterrupt)
    i.vPortValidateInterruptPriority         0x08004020   Section        0  port.o(i.vPortValidateInterruptPriority)
    i.vQueueAddToRegistry                    0x080040c0   Section        0  queue.o(i.vQueueAddToRegistry)
    i.vQueueWaitForMessageRestricted         0x080040ec   Section        0  queue.o(i.vQueueWaitForMessageRestricted)
    i.vTaskDelay                             0x08004138   Section        0  tasks.o(i.vTaskDelay)
    i.vTaskDelete                            0x080041ac   Section        0  tasks.o(i.vTaskDelete)
    i.vTaskInternalSetTimeOutState           0x080042b8   Section        0  tasks.o(i.vTaskInternalSetTimeOutState)
    i.vTaskMissedYield                       0x080042d0   Section        0  tasks.o(i.vTaskMissedYield)
    i.vTaskPlaceOnEventList                  0x080042dc   Section        0  tasks.o(i.vTaskPlaceOnEventList)
    i.vTaskPlaceOnEventListRestricted        0x08004330   Section        0  tasks.o(i.vTaskPlaceOnEventListRestricted)
    i.vTaskStartScheduler                    0x0800438c   Section        0  tasks.o(i.vTaskStartScheduler)
    i.vTaskSuspendAll                        0x08004438   Section        0  tasks.o(i.vTaskSuspendAll)
    i.vTaskSwitchContext                     0x08004448   Section        0  tasks.o(i.vTaskSwitchContext)
    i.write_addr                             0x080044f0   Section        0  usmart.o(i.write_addr)
    i.xPortStartScheduler                    0x080044f4   Section        0  port.o(i.xPortStartScheduler)
    i.xPortSysTickHandler                    0x08004634   Section        0  port.o(i.xPortSysTickHandler)
    i.xQueueGenericCreate                    0x08004668   Section        0  queue.o(i.xQueueGenericCreate)
    i.xQueueGenericReset                     0x080046d8   Section        0  queue.o(i.xQueueGenericReset)
    i.xQueueGenericSend                      0x08004788   Section        0  queue.o(i.xQueueGenericSend)
    i.xQueueGenericSendFromISR               0x0800495c   Section        0  queue.o(i.xQueueGenericSendFromISR)
    i.xQueueReceive                          0x08004a74   Section        0  queue.o(i.xQueueReceive)
    i.xTaskCheckForTimeOut                   0x08004be4   Section        0  tasks.o(i.xTaskCheckForTimeOut)
    i.xTaskCreate                            0x08004c80   Section        0  tasks.o(i.xTaskCreate)
    i.xTaskGetSchedulerState                 0x08004ce0   Section        0  tasks.o(i.xTaskGetSchedulerState)
    i.xTaskGetTickCount                      0x08004d00   Section        0  tasks.o(i.xTaskGetTickCount)
    i.xTaskIncrementTick                     0x08004d0c   Section        0  tasks.o(i.xTaskIncrementTick)
    i.xTaskPriorityDisinherit                0x08004e6c   Section        0  tasks.o(i.xTaskPriorityDisinherit)
    i.xTaskRemoveFromEventList               0x08004f44   Section        0  tasks.o(i.xTaskRemoveFromEventList)
    i.xTaskResumeAll                         0x08004ff8   Section        0  tasks.o(i.xTaskResumeAll)
    i.xTimerCreateTimerTask                  0x08005118   Section        0  timers.o(i.xTimerCreateTimerTask)
    i.xTimerGenericCommand                   0x0800518c   Section        0  timers.o(i.xTimerGenericCommand)
    .constdata                               0x08005230   Section       24  rtc.o(.constdata)
    .constdata                               0x08005248   Section       40  _printf_hex_int.o(.constdata)
    uc_hextab                                0x08005248   Data          20  _printf_hex_int.o(.constdata)
    lc_hextab                                0x0800525c   Data          20  _printf_hex_int.o(.constdata)
    .constdata                               0x08005270   Section       17  __printf_flags_ss_wp.o(.constdata)
    maptable                                 0x08005270   Data          17  __printf_flags_ss_wp.o(.constdata)
    .conststring                             0x08005284   Section       40  usmart.o(.conststring)
    .conststring                             0x080052ac   Section      167  usmart_config.o(.conststring)
    .data                                    0x20000000   Section        4  main.o(.data)
    .data                                    0x20000004   Section       20  system_stm32f10x.o(.data)
    .data                                    0x20000018   Section        2  rtc.o(.data)
    daycnt                                   0x20000018   Data           2  rtc.o(.data)
    .data                                    0x2000001c   Section       16  sdio_sdcard.o(.data)
    CardType                                 0x2000001c   Data           1  sdio_sdcard.o(.data)
    RCA                                      0x20000020   Data           4  sdio_sdcard.o(.data)
    DeviceMode                               0x20000024   Data           1  sdio_sdcard.o(.data)
    StopCondition                            0x20000025   Data           1  sdio_sdcard.o(.data)
    .data                                    0x2000002c   Section        4  delay.o(.data)
    fac_us                                   0x2000002c   Data           1  delay.o(.data)
    fac_ms                                   0x2000002e   Data           2  delay.o(.data)
    .data                                    0x20000030   Section        6  usart.o(.data)
    .data                                    0x20000036   Section       20  stm32f10x_rcc.o(.data)
    APBAHBPrescTable                         0x20000036   Data          16  stm32f10x_rcc.o(.data)
    ADCPrescTable                            0x20000046   Data           4  stm32f10x_rcc.o(.data)
    .data                                    0x2000004c   Section       28  usmart.o(.data)
    .data                                    0x20000068   Section      284  usmart_config.o(.data)
    .data                                    0x20000184   Section       60  tasks.o(.data)
    pxDelayedTaskList                        0x20000188   Data           4  tasks.o(.data)
    pxOverflowDelayedTaskList                0x2000018c   Data           4  tasks.o(.data)
    uxDeletedTasksWaitingCleanUp             0x20000190   Data           4  tasks.o(.data)
    uxCurrentNumberOfTasks                   0x20000194   Data           4  tasks.o(.data)
    xTickCount                               0x20000198   Data           4  tasks.o(.data)
    uxTopReadyPriority                       0x2000019c   Data           4  tasks.o(.data)
    xSchedulerRunning                        0x200001a0   Data           4  tasks.o(.data)
    xPendedTicks                             0x200001a4   Data           4  tasks.o(.data)
    xYieldPending                            0x200001a8   Data           4  tasks.o(.data)
    xNumOfOverflows                          0x200001ac   Data           4  tasks.o(.data)
    uxTaskNumber                             0x200001b0   Data           4  tasks.o(.data)
    xNextTaskUnblockTime                     0x200001b4   Data           4  tasks.o(.data)
    xIdleTaskHandle                          0x200001b8   Data           4  tasks.o(.data)
    uxSchedulerSuspended                     0x200001bc   Data           4  tasks.o(.data)
    .data                                    0x200001c0   Section       20  timers.o(.data)
    pxCurrentTimerList                       0x200001c0   Data           4  timers.o(.data)
    pxOverflowTimerList                      0x200001c4   Data           4  timers.o(.data)
    xTimerQueue                              0x200001c8   Data           4  timers.o(.data)
    xTimerTaskHandle                         0x200001cc   Data           4  timers.o(.data)
    xLastTime                                0x200001d0   Data           4  timers.o(.data)
    .data                                    0x200001d4   Section       32  heap_4.o(.data)
    xStart                                   0x200001d4   Data           8  heap_4.o(.data)
    pxEnd                                    0x200001dc   Data           4  heap_4.o(.data)
    xFreeBytesRemaining                      0x200001e0   Data           4  heap_4.o(.data)
    xMinimumEverFreeBytesRemaining           0x200001e4   Data           4  heap_4.o(.data)
    xNumberOfSuccessfulAllocations           0x200001e8   Data           4  heap_4.o(.data)
    xNumberOfSuccessfulFrees                 0x200001ec   Data           4  heap_4.o(.data)
    xBlockAllocatedBit                       0x200001f0   Data           4  heap_4.o(.data)
    .data                                    0x200001f4   Section       12  port.o(.data)
    uxCriticalNesting                        0x200001f4   Data           4  port.o(.data)
    ucMaxSysCallPriority                     0x200001f8   Data           1  port.o(.data)
    ulMaxPRIGROUPValue                       0x200001fc   Data           4  port.o(.data)
    .data                                    0x20000200   Section        8  app_check.o(.data)
    adcx1                                    0x20000204   Data           2  app_check.o(.data)
    adcx2                                    0x20000206   Data           2  app_check.o(.data)
    .data                                    0x20000208   Section        6  app_pwm.o(.data)
    pwmval                                   0x2000020c   Data           2  app_pwm.o(.data)
    .bss                                     0x20000210   Section       10  rtc.o(.bss)
    .bss                                     0x20000220   Section      704  sdio_sdcard.o(.bss)
    CSD_Tab                                  0x20000264   Data          16  sdio_sdcard.o(.bss)
    CID_Tab                                  0x20000274   Data          16  sdio_sdcard.o(.bss)
    .bss                                     0x200004e0   Section      200  usart.o(.bss)
    .bss                                     0x200005a8   Section       64  queue.o(.bss)
    .bss                                     0x200005e8   Section      740  tasks.o(.bss)
    pxReadyTasksLists                        0x200005e8   Data         640  tasks.o(.bss)
    xDelayedTaskList1                        0x20000868   Data          20  tasks.o(.bss)
    xDelayedTaskList2                        0x2000087c   Data          20  tasks.o(.bss)
    xPendingReadyList                        0x20000890   Data          20  tasks.o(.bss)
    xTasksWaitingTermination                 0x200008a4   Data          20  tasks.o(.bss)
    xSuspendedTaskList                       0x200008b8   Data          20  tasks.o(.bss)
    .bss                                     0x200008cc   Section       40  timers.o(.bss)
    xActiveTimerList1                        0x200008cc   Data          20  timers.o(.bss)
    xActiveTimerList2                        0x200008e0   Data          20  timers.o(.bss)
    .bss                                     0x200008f4   Section    20480  heap_4.o(.bss)
    ucHeap                                   0x200008f4   Data       20480  heap_4.o(.bss)
    .bss                                     0x200058f4   Section       96  libspace.o(.bss)
    HEAP                                     0x20005958   Section      512  startup_stm32f10x_hd.o(HEAP)
    Heap_Mem                                 0x20005958   Data         512  startup_stm32f10x_hd.o(HEAP)
    STACK                                    0x20005b58   Section     1024  startup_stm32f10x_hd.o(STACK)
    Stack_Mem                                0x20005b58   Data        1024  startup_stm32f10x_hd.o(STACK)
    __initial_sp                             0x20005f58   Data           0  startup_stm32f10x_hd.o(STACK)
    .ARM.__AT_0x68000000                     0x68000000   Section    983040  malloc.o(.ARM.__AT_0x68000000)
    .ARM.__AT_0x680F0000                     0x680f0000   Section    61440  malloc.o(.ARM.__AT_0x680F0000)

    Global Symbols

    Symbol Name                              Value     Ov Type        Size  Object(Section)

    BuildAttributes$$THM_ISAv4$P$D$K$B$S$PE$A:L22UL41UL21$X:L11$S22US41US21$IEEE1$IW$USESV6$~STKCKD$USESV7$~SHL$OTIME$ROPI$IEEEJ$EBA8$UX$STANDARDLIB$REQ8$PRES8$EABIv2 0x00000000   Number         0  anon$$obj.o ABSOLUTE
    __ARM_use_no_argv                        0x00000000   Number         0  main.o ABSOLUTE
    _printf_flags                            0x00000000   Number         0  printf_stubs.o ABSOLUTE
    _printf_return_value                     0x00000000   Number         0  printf_stubs.o ABSOLUTE
    _printf_sizespec                         0x00000000   Number         0  printf_stubs.o ABSOLUTE
    _printf_widthprec                        0x00000000   Number         0  printf_stubs.o ABSOLUTE
    __ARM_exceptions_init                     - Undefined Weak Reference
    __alloca_initialize                       - Undefined Weak Reference
    __arm_preinit_                            - Undefined Weak Reference
    __cpp_initialize__aeabi_                  - Undefined Weak Reference
    __cxa_finalize                            - Undefined Weak Reference
    __sigvec_lookup                           - Undefined Weak Reference
    _atexit_init                              - Undefined Weak Reference
    _call_atexit_fns                          - Undefined Weak Reference
    _clock_init                               - Undefined Weak Reference
    _fp_trap_init                             - Undefined Weak Reference
    _fp_trap_shutdown                         - Undefined Weak Reference
    _get_lc_collate                           - Undefined Weak Reference
    _get_lc_ctype                             - Undefined Weak Reference
    _get_lc_monetary                          - Undefined Weak Reference
    _get_lc_time                              - Undefined Weak Reference
    _getenv_init                              - Undefined Weak Reference
    _handle_redirection                       - Undefined Weak Reference
    _init_alloc                               - Undefined Weak Reference
    _init_user_alloc                          - Undefined Weak Reference
    _initio                                   - Undefined Weak Reference
    _mutex_acquire                            - Undefined Weak Reference
    _mutex_release                            - Undefined Weak Reference
    _printf_mbtowc                            - Undefined Weak Reference
    _printf_truncate_signed                   - Undefined Weak Reference
    _printf_truncate_unsigned                 - Undefined Weak Reference
    _rand_init                                - Undefined Weak Reference
    _signal_finish                            - Undefined Weak Reference
    _signal_init                              - Undefined Weak Reference
    _terminate_alloc                          - Undefined Weak Reference
    _terminate_user_alloc                     - Undefined Weak Reference
    _terminateio                              - Undefined Weak Reference
    __Vectors_Size                           0x00000130   Number         0  startup_stm32f10x_hd.o ABSOLUTE
    __Vectors                                0x08000000   Data           4  startup_stm32f10x_hd.o(RESET)
    __Vectors_End                            0x08000130   Data           0  startup_stm32f10x_hd.o(RESET)
    __main                                   0x08000131   Thumb Code     8  __main.o(!!!main)
    __scatterload                            0x08000139   Thumb Code     0  __scatter.o(!!!scatter)
    __scatterload_rt2                        0x08000139   Thumb Code    44  __scatter.o(!!!scatter)
    __scatterload_rt2_thumb_only             0x08000139   Thumb Code     0  __scatter.o(!!!scatter)
    __scatterload_null                       0x08000147   Thumb Code     0  __scatter.o(!!!scatter)
    __decompress                             0x0800016d   Thumb Code    90  __dczerorl2.o(!!dczerorl2)
    __decompress1                            0x0800016d   Thumb Code     0  __dczerorl2.o(!!dczerorl2)
    __scatterload_zeroinit                   0x080001c9   Thumb Code    28  __scatter_zi.o(!!handler_zi)
    _printf_d                                0x080001e5   Thumb Code     0  _printf_d.o(.ARM.Collect$$_printf_percent$$00000009)
    _printf_percent                          0x080001e5   Thumb Code     0  _printf_percent.o(.ARM.Collect$$_printf_percent$$00000000)
    _printf_u                                0x080001eb   Thumb Code     0  _printf_u.o(.ARM.Collect$$_printf_percent$$0000000A)
    _printf_x                                0x080001f1   Thumb Code     0  _printf_x.o(.ARM.Collect$$_printf_percent$$0000000C)
    _printf_c                                0x080001f7   Thumb Code     0  _printf_c.o(.ARM.Collect$$_printf_percent$$00000013)
    _printf_s                                0x080001fd   Thumb Code     0  _printf_s.o(.ARM.Collect$$_printf_percent$$00000014)
    _printf_percent_end                      0x08000203   Thumb Code     0  _printf_percent_end.o(.ARM.Collect$$_printf_percent$$00000017)
    __rt_lib_init                            0x08000207   Thumb Code     0  libinit.o(.ARM.Collect$$libinit$$00000000)
    __rt_lib_init_alloca_1                   0x08000209   Thumb Code     0  libinit2.o(.ARM.Collect$$libinit$$0000002E)
    __rt_lib_init_argv_1                     0x08000209   Thumb Code     0  libinit2.o(.ARM.Collect$$libinit$$0000002C)
    __rt_lib_init_atexit_1                   0x08000209   Thumb Code     0  libinit2.o(.ARM.Collect$$libinit$$0000001B)
    __rt_lib_init_clock_1                    0x08000209   Thumb Code     0  libinit2.o(.ARM.Collect$$libinit$$00000021)
    __rt_lib_init_cpp_1                      0x08000209   Thumb Code     0  libinit2.o(.ARM.Collect$$libinit$$00000032)
    __rt_lib_init_exceptions_1               0x08000209   Thumb Code     0  libinit2.o(.ARM.Collect$$libinit$$00000030)
    __rt_lib_init_fp_1                       0x08000209   Thumb Code     0  libinit2.o(.ARM.Collect$$libinit$$00000002)
    __rt_lib_init_fp_trap_1                  0x08000209   Thumb Code     0  libinit2.o(.ARM.Collect$$libinit$$0000001F)
    __rt_lib_init_getenv_1                   0x08000209   Thumb Code     0  libinit2.o(.ARM.Collect$$libinit$$00000023)
    __rt_lib_init_heap_1                     0x08000209   Thumb Code     0  libinit2.o(.ARM.Collect$$libinit$$0000000A)
    __rt_lib_init_lc_collate_1               0x08000209   Thumb Code     0  libinit2.o(.ARM.Collect$$libinit$$00000011)
    __rt_lib_init_lc_ctype_1                 0x08000209   Thumb Code     0  libinit2.o(.ARM.Collect$$libinit$$00000013)
    __rt_lib_init_lc_monetary_1              0x08000209   Thumb Code     0  libinit2.o(.ARM.Collect$$libinit$$00000015)
    __rt_lib_init_lc_numeric_1               0x08000209   Thumb Code     0  libinit2.o(.ARM.Collect$$libinit$$00000017)
    __rt_lib_init_lc_time_1                  0x08000209   Thumb Code     0  libinit2.o(.ARM.Collect$$libinit$$00000019)
    __rt_lib_init_preinit_1                  0x08000209   Thumb Code     0  libinit2.o(.ARM.Collect$$libinit$$00000004)
    __rt_lib_init_rand_1                     0x08000209   Thumb Code     0  libinit2.o(.ARM.Collect$$libinit$$0000000E)
    __rt_lib_init_return                     0x08000209   Thumb Code     0  libinit2.o(.ARM.Collect$$libinit$$00000033)
    __rt_lib_init_signal_1                   0x08000209   Thumb Code     0  libinit2.o(.ARM.Collect$$libinit$$0000001D)
    __rt_lib_init_stdio_1                    0x08000209   Thumb Code     0  libinit2.o(.ARM.Collect$$libinit$$00000025)
    __rt_lib_init_user_alloc_1               0x08000209   Thumb Code     0  libinit2.o(.ARM.Collect$$libinit$$0000000C)
    __rt_lib_shutdown                        0x0800020b   Thumb Code     0  libshutdown.o(.ARM.Collect$$libshutdown$$00000000)
    __rt_lib_shutdown_fp_trap_1              0x0800020d   Thumb Code     0  libshutdown2.o(.ARM.Collect$$libshutdown$$00000006)
    __rt_lib_shutdown_heap_1                 0x0800020d   Thumb Code     0  libshutdown2.o(.ARM.Collect$$libshutdown$$0000000E)
    __rt_lib_shutdown_return                 0x0800020d   Thumb Code     0  libshutdown2.o(.ARM.Collect$$libshutdown$$0000000F)
    __rt_lib_shutdown_signal_1               0x0800020d   Thumb Code     0  libshutdown2.o(.ARM.Collect$$libshutdown$$00000009)
    __rt_lib_shutdown_stdio_1                0x0800020d   Thumb Code     0  libshutdown2.o(.ARM.Collect$$libshutdown$$00000003)
    __rt_lib_shutdown_user_alloc_1           0x0800020d   Thumb Code     0  libshutdown2.o(.ARM.Collect$$libshutdown$$0000000B)
    __rt_entry                               0x0800020f   Thumb Code     0  __rtentry.o(.ARM.Collect$$rtentry$$00000000)
    __rt_entry_presh_1                       0x0800020f   Thumb Code     0  __rtentry2.o(.ARM.Collect$$rtentry$$00000002)
    __rt_entry_sh                            0x0800020f   Thumb Code     0  __rtentry4.o(.ARM.Collect$$rtentry$$00000004)
    __rt_entry_li                            0x08000215   Thumb Code     0  __rtentry2.o(.ARM.Collect$$rtentry$$0000000A)
    __rt_entry_postsh_1                      0x08000215   Thumb Code     0  __rtentry2.o(.ARM.Collect$$rtentry$$00000009)
    __rt_entry_main                          0x08000219   Thumb Code     0  __rtentry2.o(.ARM.Collect$$rtentry$$0000000D)
    __rt_entry_postli_1                      0x08000219   Thumb Code     0  __rtentry2.o(.ARM.Collect$$rtentry$$0000000C)
    __rt_exit                                0x08000221   Thumb Code     0  rtexit.o(.ARM.Collect$$rtexit$$00000000)
    __rt_exit_ls                             0x08000223   Thumb Code     0  rtexit2.o(.ARM.Collect$$rtexit$$00000003)
    __rt_exit_prels_1                        0x08000223   Thumb Code     0  rtexit2.o(.ARM.Collect$$rtexit$$00000002)
    __rt_exit_exit                           0x08000227   Thumb Code     0  rtexit2.o(.ARM.Collect$$rtexit$$00000004)
    SVC_Handler                              0x0800022d   Thumb Code    32  port.o(.emb_text)
    __asm___6_port_c_39a90d8d__prvStartFirstTask 0x08000251   Thumb Code    28  port.o(.emb_text)
    PendSV_Handler                           0x08000271   Thumb Code    72  port.o(.emb_text)
    vPortGetIPSR                             0x080002bd   Thumb Code     6  port.o(.emb_text)
    Reset_Handler                            0x080002c5   Thumb Code     8  startup_stm32f10x_hd.o(.text)
    ADC1_2_IRQHandler                        0x080002df   Thumb Code     0  startup_stm32f10x_hd.o(.text)
    ADC3_IRQHandler                          0x080002df   Thumb Code     0  startup_stm32f10x_hd.o(.text)
    CAN1_RX1_IRQHandler                      0x080002df   Thumb Code     0  startup_stm32f10x_hd.o(.text)
    CAN1_SCE_IRQHandler                      0x080002df   Thumb Code     0  startup_stm32f10x_hd.o(.text)
    DMA1_Channel1_IRQHandler                 0x080002df   Thumb Code     0  startup_stm32f10x_hd.o(.text)
    DMA1_Channel2_IRQHandler                 0x080002df   Thumb Code     0  startup_stm32f10x_hd.o(.text)
    DMA1_Channel3_IRQHandler                 0x080002df   Thumb Code     0  startup_stm32f10x_hd.o(.text)
    DMA1_Channel4_IRQHandler                 0x080002df   Thumb Code     0  startup_stm32f10x_hd.o(.text)
    DMA1_Channel5_IRQHandler                 0x080002df   Thumb Code     0  startup_stm32f10x_hd.o(.text)
    DMA1_Channel6_IRQHandler                 0x080002df   Thumb Code     0  startup_stm32f10x_hd.o(.text)
    DMA1_Channel7_IRQHandler                 0x080002df   Thumb Code     0  startup_stm32f10x_hd.o(.text)
    DMA2_Channel1_IRQHandler                 0x080002df   Thumb Code     0  startup_stm32f10x_hd.o(.text)
    DMA2_Channel2_IRQHandler                 0x080002df   Thumb Code     0  startup_stm32f10x_hd.o(.text)
    DMA2_Channel3_IRQHandler                 0x080002df   Thumb Code     0  startup_stm32f10x_hd.o(.text)
    DMA2_Channel4_5_IRQHandler               0x080002df   Thumb Code     0  startup_stm32f10x_hd.o(.text)
    EXTI15_10_IRQHandler                     0x080002df   Thumb Code     0  startup_stm32f10x_hd.o(.text)
    EXTI1_IRQHandler                         0x080002df   Thumb Code     0  startup_stm32f10x_hd.o(.text)
    EXTI9_5_IRQHandler                       0x080002df   Thumb Code     0  startup_stm32f10x_hd.o(.text)
    FLASH_IRQHandler                         0x080002df   Thumb Code     0  startup_stm32f10x_hd.o(.text)
    FSMC_IRQHandler                          0x080002df   Thumb Code     0  startup_stm32f10x_hd.o(.text)
    I2C1_ER_IRQHandler                       0x080002df   Thumb Code     0  startup_stm32f10x_hd.o(.text)
    I2C1_EV_IRQHandler                       0x080002df   Thumb Code     0  startup_stm32f10x_hd.o(.text)
    I2C2_ER_IRQHandler                       0x080002df   Thumb Code     0  startup_stm32f10x_hd.o(.text)
    I2C2_EV_IRQHandler                       0x080002df   Thumb Code     0  startup_stm32f10x_hd.o(.text)
    PVD_IRQHandler                           0x080002df   Thumb Code     0  startup_stm32f10x_hd.o(.text)
    RCC_IRQHandler                           0x080002df   Thumb Code     0  startup_stm32f10x_hd.o(.text)
    RTCAlarm_IRQHandler                      0x080002df   Thumb Code     0  startup_stm32f10x_hd.o(.text)
    SPI1_IRQHandler                          0x080002df   Thumb Code     0  startup_stm32f10x_hd.o(.text)
    SPI2_IRQHandler                          0x080002df   Thumb Code     0  startup_stm32f10x_hd.o(.text)
    SPI3_IRQHandler                          0x080002df   Thumb Code     0  startup_stm32f10x_hd.o(.text)
    TAMPER_IRQHandler                        0x080002df   Thumb Code     0  startup_stm32f10x_hd.o(.text)
    TIM1_BRK_IRQHandler                      0x080002df   Thumb Code     0  startup_stm32f10x_hd.o(.text)
    TIM1_CC_IRQHandler                       0x080002df   Thumb Code     0  startup_stm32f10x_hd.o(.text)
    TIM1_TRG_COM_IRQHandler                  0x080002df   Thumb Code     0  startup_stm32f10x_hd.o(.text)
    TIM1_UP_IRQHandler                       0x080002df   Thumb Code     0  startup_stm32f10x_hd.o(.text)
    TIM2_IRQHandler                          0x080002df   Thumb Code     0  startup_stm32f10x_hd.o(.text)
    TIM5_IRQHandler                          0x080002df   Thumb Code     0  startup_stm32f10x_hd.o(.text)
    TIM6_IRQHandler                          0x080002df   Thumb Code     0  startup_stm32f10x_hd.o(.text)
    TIM7_IRQHandler                          0x080002df   Thumb Code     0  startup_stm32f10x_hd.o(.text)
    TIM8_BRK_IRQHandler                      0x080002df   Thumb Code     0  startup_stm32f10x_hd.o(.text)
    TIM8_CC_IRQHandler                       0x080002df   Thumb Code     0  startup_stm32f10x_hd.o(.text)
    TIM8_TRG_COM_IRQHandler                  0x080002df   Thumb Code     0  startup_stm32f10x_hd.o(.text)
    TIM8_UP_IRQHandler                       0x080002df   Thumb Code     0  startup_stm32f10x_hd.o(.text)
    UART4_IRQHandler                         0x080002df   Thumb Code     0  startup_stm32f10x_hd.o(.text)
    UART5_IRQHandler                         0x080002df   Thumb Code     0  startup_stm32f10x_hd.o(.text)
    USART2_IRQHandler                        0x080002df   Thumb Code     0  startup_stm32f10x_hd.o(.text)
    USART3_IRQHandler                        0x080002df   Thumb Code     0  startup_stm32f10x_hd.o(.text)
    USBWakeUp_IRQHandler                     0x080002df   Thumb Code     0  startup_stm32f10x_hd.o(.text)
    USB_HP_CAN1_TX_IRQHandler                0x080002df   Thumb Code     0  startup_stm32f10x_hd.o(.text)
    USB_LP_CAN1_RX0_IRQHandler               0x080002df   Thumb Code     0  startup_stm32f10x_hd.o(.text)
    WWDG_IRQHandler                          0x080002df   Thumb Code     0  startup_stm32f10x_hd.o(.text)
    __user_initial_stackheap                 0x080002e1   Thumb Code     0  startup_stm32f10x_hd.o(.text)
    __use_no_semihosting                     0x08000305   Thumb Code     2  use_no_semi_2.o(.text)
    __2printf                                0x08000309   Thumb Code    20  noretval__2printf.o(.text)
    _printf_pre_padding                      0x08000321   Thumb Code    44  _printf_pad.o(.text)
    _printf_post_padding                     0x0800034d   Thumb Code    34  _printf_pad.o(.text)
    _printf_str                              0x0800036f   Thumb Code    82  _printf_str.o(.text)
    _printf_int_dec                          0x080003c1   Thumb Code   104  _printf_dec.o(.text)
    _printf_int_hex                          0x08000439   Thumb Code    84  _printf_hex_int.o(.text)
    _printf_longlong_hex                     0x08000439   Thumb Code     0  _printf_hex_int.o(.text)
    __printf                                 0x08000491   Thumb Code   388  __printf_flags_ss_wp.o(.text)
    __aeabi_memcpy                           0x08000619   Thumb Code     0  rt_memcpy_v6.o(.text)
    __rt_memcpy                              0x08000619   Thumb Code   138  rt_memcpy_v6.o(.text)
    _memcpy_lastbytes                        0x0800067f   Thumb Code     0  rt_memcpy_v6.o(.text)
    __aeabi_memset                           0x080006a3   Thumb Code    16  aeabi_memset.o(.text)
    __use_two_region_memory                  0x080006b3   Thumb Code     2  heapauxi.o(.text)
    __rt_heap_escrow$2region                 0x080006b5   Thumb Code     2  heapauxi.o(.text)
    __rt_heap_expand$2region                 0x080006b7   Thumb Code     2  heapauxi.o(.text)
    __I$use$semihosting                      0x080006b9   Thumb Code     0  use_no_semi.o(.text)
    __use_no_semihosting_swi                 0x080006b9   Thumb Code     2  use_no_semi.o(.text)
    _printf_int_common                       0x080006bb   Thumb Code   178  _printf_intcommon.o(.text)
    _printf_char_common                      0x08000777   Thumb Code    32  _printf_char_common.o(.text)
    _printf_cs_common                        0x0800079d   Thumb Code    20  _printf_char.o(.text)
    _printf_char                             0x080007b1   Thumb Code    16  _printf_char.o(.text)
    _printf_string                           0x080007c1   Thumb Code     8  _printf_char.o(.text)
    _printf_char_file                        0x080007c9   Thumb Code    32  _printf_char_file.o(.text)
    __aeabi_memcpy4                          0x080007ed   Thumb Code     0  rt_memcpy_w.o(.text)
    __aeabi_memcpy8                          0x080007ed   Thumb Code     0  rt_memcpy_w.o(.text)
    __rt_memcpy_w                            0x080007ed   Thumb Code   100  rt_memcpy_w.o(.text)
    _memcpy_lastbytes_aligned                0x08000835   Thumb Code     0  rt_memcpy_w.o(.text)
    __aeabi_memclr                           0x08000851   Thumb Code     0  rt_memclr.o(.text)
    __rt_memclr                              0x08000851   Thumb Code    68  rt_memclr.o(.text)
    _memset                                  0x08000855   Thumb Code     0  rt_memclr.o(.text)
    ferror                                   0x08000895   Thumb Code     8  ferror.o(.text)
    __aeabi_memclr4                          0x0800089d   Thumb Code     0  rt_memclr_w.o(.text)
    __aeabi_memclr8                          0x0800089d   Thumb Code     0  rt_memclr_w.o(.text)
    __rt_memclr_w                            0x0800089d   Thumb Code    78  rt_memclr_w.o(.text)
    _memset_w                                0x080008a1   Thumb Code     0  rt_memclr_w.o(.text)
    __user_libspace                          0x080008ed   Thumb Code     8  libspace.o(.text)
    __user_perproc_libspace                  0x080008ed   Thumb Code     0  libspace.o(.text)
    __user_perthread_libspace                0x080008ed   Thumb Code     0  libspace.o(.text)
    __user_setup_stackheap                   0x080008f5   Thumb Code    74  sys_stackheap_outer.o(.text)
    exit                                     0x0800093f   Thumb Code    12  exit.o(.text)
    ADC_Cmd                                  0x0800094b   Thumb Code    22  stm32f10x_adc.o(i.ADC_Cmd)
    ADC_DeInit                               0x08000961   Thumb Code    78  stm32f10x_adc.o(i.ADC_DeInit)
    ADC_GetCalibrationStatus                 0x080009bd   Thumb Code    20  stm32f10x_adc.o(i.ADC_GetCalibrationStatus)
    ADC_GetConversionValue                   0x080009d1   Thumb Code     8  stm32f10x_adc.o(i.ADC_GetConversionValue)
    ADC_GetFlagStatus                        0x080009d9   Thumb Code    18  stm32f10x_adc.o(i.ADC_GetFlagStatus)
    ADC_GetResetCalibrationStatus            0x080009eb   Thumb Code    20  stm32f10x_adc.o(i.ADC_GetResetCalibrationStatus)
    ADC_Init                                 0x08000a01   Thumb Code    70  stm32f10x_adc.o(i.ADC_Init)
    ADC_RegularChannelConfig                 0x08000a51   Thumb Code   184  stm32f10x_adc.o(i.ADC_RegularChannelConfig)
    ADC_ResetCalibration                     0x08000b09   Thumb Code    10  stm32f10x_adc.o(i.ADC_ResetCalibration)
    ADC_SoftwareStartConvCmd                 0x08000b13   Thumb Code    22  stm32f10x_adc.o(i.ADC_SoftwareStartConvCmd)
    ADC_StartCalibration                     0x08000b29   Thumb Code    10  stm32f10x_adc.o(i.ADC_StartCalibration)
    Adc_Init                                 0x08000b35   Thumb Code   132  adc.o(i.Adc_Init)
    BusFault_Handler                         0x08000bc1   Thumb Code     4  stm32f10x_it.o(i.BusFault_Handler)
    CHECK_TaskCreat                          0x08000bcd   Thumb Code    24  app_check.o(i.CHECK_TaskCreat)
    CmdResp1Error                            0x08000c01   Thumb Code    90  sdio_sdcard.o(i.CmdResp1Error)
    DebugMon_Handler                         0x08000c61   Thumb Code     2  stm32f10x_it.o(i.DebugMon_Handler)
    EXTI0_IRQHandler                         0x08000c65   Thumb Code    18  exti.o(i.EXTI0_IRQHandler)
    EXTI2_IRQHandler                         0x08000c7d   Thumb Code    36  exti.o(i.EXTI2_IRQHandler)
    EXTI3_IRQHandler                         0x08000ca9   Thumb Code    36  exti.o(i.EXTI3_IRQHandler)
    EXTI4_IRQHandler                         0x08000cd5   Thumb Code    54  exti.o(i.EXTI4_IRQHandler)
    EXTI_ClearITPendingBit                   0x08000d1d   Thumb Code     6  stm32f10x_exti.o(i.EXTI_ClearITPendingBit)
    GPIO_Init                                0x08000d29   Thumb Code   278  stm32f10x_gpio.o(i.GPIO_Init)
    GPIO_PinRemapConfig                      0x08000e41   Thumb Code   138  stm32f10x_gpio.o(i.GPIO_PinRemapConfig)
    GPIO_ReadInputDataBit                    0x08000ed1   Thumb Code    18  stm32f10x_gpio.o(i.GPIO_ReadInputDataBit)
    Get_Adc                                  0x08000ee5   Thumb Code    46  adc.o(i.Get_Adc)
    Get_Adc_Average                          0x08000f19   Thumb Code    46  adc.o(i.Get_Adc_Average)
    HardFault_Handler                        0x08000f47   Thumb Code     4  stm32f10x_it.o(i.HardFault_Handler)
    Is_Leap_Year                             0x08000f4b   Thumb Code    58  rtc.o(i.Is_Leap_Year)
    MemManage_Handler                        0x08000f85   Thumb Code     4  stm32f10x_it.o(i.MemManage_Handler)
    NMI_Handler                              0x08000f89   Thumb Code     2  stm32f10x_it.o(i.NMI_Handler)
    NVIC_Init                                0x08000f8d   Thumb Code   100  misc.o(i.NVIC_Init)
    NVIC_PriorityGroupConfig                 0x08000ffd   Thumb Code    10  misc.o(i.NVIC_PriorityGroupConfig)
    PWM_TaskCreat                            0x08001021   Thumb Code    24  app_pwm.o(i.PWM_TaskCreat)
    PWR_BackupAccessCmd                      0x08001051   Thumb Code     6  stm32f10x_pwr.o(i.PWR_BackupAccessCmd)
    RCC_ADCCLKConfig                         0x0800105d   Thumb Code    18  stm32f10x_rcc.o(i.RCC_ADCCLKConfig)
    RCC_APB1PeriphClockCmd                   0x08001075   Thumb Code    26  stm32f10x_rcc.o(i.RCC_APB1PeriphClockCmd)
    RCC_APB2PeriphClockCmd                   0x08001095   Thumb Code    26  stm32f10x_rcc.o(i.RCC_APB2PeriphClockCmd)
    RCC_APB2PeriphResetCmd                   0x080010b5   Thumb Code    26  stm32f10x_rcc.o(i.RCC_APB2PeriphResetCmd)
    RCC_GetClocksFreq                        0x080010d5   Thumb Code   192  stm32f10x_rcc.o(i.RCC_GetClocksFreq)
    RTC_ClearITPendingBit                    0x080011a9   Thumb Code    12  stm32f10x_rtc.o(i.RTC_ClearITPendingBit)
    RTC_EnterConfigMode                      0x080011b9   Thumb Code    14  stm32f10x_rtc.o(i.RTC_EnterConfigMode)
    RTC_ExitConfigMode                       0x080011cd   Thumb Code    16  stm32f10x_rtc.o(i.RTC_ExitConfigMode)
    RTC_Get                                  0x080011e1   Thumb Code   240  rtc.o(i.RTC_Get)
    RTC_GetCounter                           0x080012e1   Thumb Code    16  stm32f10x_rtc.o(i.RTC_GetCounter)
    RTC_GetITStatus                          0x080012f5   Thumb Code    32  stm32f10x_rtc.o(i.RTC_GetITStatus)
    RTC_Get_Week                             0x08001319   Thumb Code   116  rtc.o(i.RTC_Get_Week)
    RTC_IRQHandler                           0x08001391   Thumb Code    76  rtc.o(i.RTC_IRQHandler)
    RTC_Set                                  0x08001401   Thumb Code   184  rtc.o(i.RTC_Set)
    RTC_SetCounter                           0x080014c9   Thumb Code    24  stm32f10x_rtc.o(i.RTC_SetCounter)
    RTC_WaitForLastTask                      0x080014e5   Thumb Code    16  stm32f10x_rtc.o(i.RTC_WaitForLastTask)
    SDIO_ClearFlag                           0x080014f9   Thumb Code     6  stm32f10x_sdio.o(i.SDIO_ClearFlag)
    SDIO_GetFlagStatus                       0x08001505   Thumb Code    20  stm32f10x_sdio.o(i.SDIO_GetFlagStatus)
    SDIO_IRQHandler                          0x0800151d   Thumb Code     8  sdio_sdcard.o(i.SDIO_IRQHandler)
    SDIO_SendCommand                         0x08001525   Thumb Code    38  stm32f10x_sdio.o(i.SDIO_SendCommand)
    SD_ProcessIRQSrc                         0x08001551   Thumb Code   296  sdio_sdcard.o(i.SD_ProcessIRQSrc)
    SysTick_CLKSourceConfig                  0x08001775   Thumb Code    40  misc.o(i.SysTick_CLKSourceConfig)
    SysTick_Handler                          0x0800179d   Thumb Code    16  delay.o(i.SysTick_Handler)
    SystemInit                               0x080017ad   Thumb Code    78  system_stm32f10x.o(i.SystemInit)
    TIM3_IRQHandler                          0x0800180d   Thumb Code    38  timer.o(i.TIM3_IRQHandler)
    TIM3_PWM_Init                            0x0800183d   Thumb Code   130  timer.o(i.TIM3_PWM_Init)
    TIM4_IRQHandler                          0x080018cd   Thumb Code    46  usmart.o(i.TIM4_IRQHandler)
    TIM_ClearFlag                            0x08001905   Thumb Code     6  stm32f10x_tim.o(i.TIM_ClearFlag)
    TIM_ClearITPendingBit                    0x0800190b   Thumb Code     6  stm32f10x_tim.o(i.TIM_ClearITPendingBit)
    TIM_Cmd                                  0x08001911   Thumb Code    24  stm32f10x_tim.o(i.TIM_Cmd)
    TIM_GetCounter                           0x08001929   Thumb Code     6  stm32f10x_tim.o(i.TIM_GetCounter)
    TIM_GetFlagStatus                        0x0800192f   Thumb Code    18  stm32f10x_tim.o(i.TIM_GetFlagStatus)
    TIM_GetITStatus                          0x08001941   Thumb Code    34  stm32f10x_tim.o(i.TIM_GetITStatus)
    TIM_ITConfig                             0x08001963   Thumb Code    18  stm32f10x_tim.o(i.TIM_ITConfig)
    TIM_OC2Init                              0x08001975   Thumb Code   154  stm32f10x_tim.o(i.TIM_OC2Init)
    TIM_OC2PreloadConfig                     0x08001a19   Thumb Code    26  stm32f10x_tim.o(i.TIM_OC2PreloadConfig)
    TIM_SetAutoreload                        0x08001a33   Thumb Code     4  stm32f10x_tim.o(i.TIM_SetAutoreload)
    TIM_SetCompare2                          0x08001a37   Thumb Code     4  stm32f10x_tim.o(i.TIM_SetCompare2)
    TIM_SetCounter                           0x08001a3b   Thumb Code     4  stm32f10x_tim.o(i.TIM_SetCounter)
    TIM_TimeBaseInit                         0x08001a41   Thumb Code   122  stm32f10x_tim.o(i.TIM_TimeBaseInit)
    Timer4_Init                              0x08001ae5   Thumb Code    88  usmart.o(i.Timer4_Init)
    USART1_IRQHandler                        0x08001b41   Thumb Code   122  usart.o(i.USART1_IRQHandler)
    USART_Cmd                                0x08001bc9   Thumb Code    24  stm32f10x_usart.o(i.USART_Cmd)
    USART_GetITStatus                        0x08001be1   Thumb Code    84  stm32f10x_usart.o(i.USART_GetITStatus)
    USART_ITConfig                           0x08001c35   Thumb Code    74  stm32f10x_usart.o(i.USART_ITConfig)
    USART_Init                               0x08001c81   Thumb Code   210  stm32f10x_usart.o(i.USART_Init)
    USART_ReceiveData                        0x08001d59   Thumb Code    10  stm32f10x_usart.o(i.USART_ReceiveData)
    UsageFault_Handler                       0x08001d63   Thumb Code     4  stm32f10x_it.o(i.UsageFault_Handler)
    _is_digit                                0x08001d67   Thumb Code    14  __printf_wp.o(i._is_digit)
    _sys_exit                                0x08001d75   Thumb Code     4  usart.o(i._sys_exit)
    delay_init                               0x08001d79   Thumb Code    74  delay.o(i.delay_init)
    delay_ms                                 0x08001dd5   Thumb Code    62  delay.o(i.delay_ms)
    delay_us                                 0x08001e19   Thumb Code    68  delay.o(i.delay_us)
    fputc                                    0x08001e61   Thumb Code    24  usart.o(i.fputc)
    hardware_init                            0x08001e7d   Thumb Code    32  main.o(i.hardware_init)
    main                                     0x08001e9d   Thumb Code    34  main.o(i.main)
    pvPortMalloc                             0x08002a09   Thumb Code   272  heap_4.o(i.pvPortMalloc)
    pxPortInitialiseStack                    0x08002b69   Thumb Code    30  port.o(i.pxPortInitialiseStack)
    read_addr                                0x08002b8d   Thumb Code     6  usmart.o(i.read_addr)
    start_task                               0x08002be9   Thumb Code    34  main.o(i.start_task)
    uart_init                                0x08002c11   Thumb Code   152  usart.o(i.uart_init)
    usmart_cmd_rec                           0x08002cb1   Thumb Code   170  usmart.o(i.usmart_cmd_rec)
    usmart_exe                               0x08002d61   Thumb Code   632  usmart.o(i.usmart_exe)
    usmart_get_aparm                         0x08003035   Thumb Code   200  usmart_str.o(i.usmart_get_aparm)
    usmart_get_cmdname                       0x080030fd   Thumb Code    54  usmart_str.o(i.usmart_get_cmdname)
    usmart_get_fname                         0x08003135   Thumb Code   440  usmart_str.o(i.usmart_get_fname)
    usmart_get_fparam                        0x080032f5   Thumb Code   262  usmart_str.o(i.usmart_get_fparam)
    usmart_get_parmpos                       0x08003401   Thumb Code    26  usmart_str.o(i.usmart_get_parmpos)
    usmart_get_runtime                       0x08003421   Thumb Code    60  usmart.o(i.usmart_get_runtime)
    usmart_init                              0x08003465   Thumb Code    36  usmart.o(i.usmart_init)
    usmart_pow                               0x0800348d   Thumb Code    22  usmart_str.o(i.usmart_pow)
    usmart_reset_runtime                     0x080034a5   Thumb Code    38  usmart.o(i.usmart_reset_runtime)
    usmart_scan                              0x080034d5   Thumb Code   120  usmart.o(i.usmart_scan)
    usmart_search_nextc                      0x08003591   Thumb Code    22  usmart_str.o(i.usmart_search_nextc)
    usmart_str2num                           0x080035a7   Thumb Code   202  usmart_str.o(i.usmart_str2num)
    usmart_strcmp                            0x08003671   Thumb Code    34  usmart_str.o(i.usmart_strcmp)
    usmart_strcopy                           0x08003693   Thumb Code    22  usmart_str.o(i.usmart_strcopy)
    usmart_strlen                            0x080036a9   Thumb Code    24  usmart_str.o(i.usmart_strlen)
    usmart_sys_cmd_exe                       0x080036c1   Thumb Code  1554  usmart.o(i.usmart_sys_cmd_exe)
    uxListRemove                             0x08003da5   Thumb Code    40  list.o(i.uxListRemove)
    vListInitialise                          0x08003dcd   Thumb Code    26  list.o(i.vListInitialise)
    vListInitialiseItem                      0x08003de7   Thumb Code     6  list.o(i.vListInitialiseItem)
    vListInsert                              0x08003ded   Thumb Code    52  list.o(i.vListInsert)
    vListInsertEnd                           0x08003e21   Thumb Code    24  list.o(i.vListInsertEnd)
    vPortEnterCritical                       0x08003e39   Thumb Code    68  port.o(i.vPortEnterCritical)
    vPortExitCritical                        0x08003ec1   Thumb Code    48  port.o(i.vPortExitCritical)
    vPortFree                                0x08003f31   Thumb Code   130  heap_4.o(i.vPortFree)
    vPortSetupTimerInterrupt                 0x08003ff9   Thumb Code    36  port.o(i.vPortSetupTimerInterrupt)
    vPortValidateInterruptPriority           0x08004021   Thumb Code    86  port.o(i.vPortValidateInterruptPriority)
    vQueueAddToRegistry                      0x080040c1   Thumb Code    38  queue.o(i.vQueueAddToRegistry)
    vQueueWaitForMessageRestricted           0x080040ed   Thumb Code    74  queue.o(i.vQueueWaitForMessageRestricted)
    vTaskDelay                               0x08004139   Thumb Code    72  tasks.o(i.vTaskDelay)
    vTaskDelete                              0x080041ad   Thumb Code   192  tasks.o(i.vTaskDelete)
    vTaskInternalSetTimeOutState             0x080042b9   Thumb Code    14  tasks.o(i.vTaskInternalSetTimeOutState)
    vTaskMissedYield                         0x080042d1   Thumb Code     8  tasks.o(i.vTaskMissedYield)
    vTaskPlaceOnEventList                    0x080042dd   Thumb Code    42  tasks.o(i.vTaskPlaceOnEventList)
    vTaskPlaceOnEventListRestricted          0x08004331   Thumb Code    50  tasks.o(i.vTaskPlaceOnEventListRestricted)
    vTaskStartScheduler                      0x0800438d   Thumb Code   108  tasks.o(i.vTaskStartScheduler)
    vTaskSuspendAll                          0x08004439   Thumb Code    12  tasks.o(i.vTaskSuspendAll)
    vTaskSwitchContext                       0x08004449   Thumb Code   110  tasks.o(i.vTaskSwitchContext)
    write_addr                               0x080044f1   Thumb Code     4  usmart.o(i.write_addr)
    xPortStartScheduler                      0x080044f5   Thumb Code   240  port.o(i.xPortStartScheduler)
    xPortSysTickHandler                      0x08004635   Thumb Code    46  port.o(i.xPortSysTickHandler)
    xQueueGenericCreate                      0x08004669   Thumb Code    74  queue.o(i.xQueueGenericCreate)
    xQueueGenericReset                       0x080046d9   Thumb Code   136  queue.o(i.xQueueGenericReset)
    xQueueGenericSend                        0x08004789   Thumb Code   426  queue.o(i.xQueueGenericSend)
    xQueueGenericSendFromISR                 0x0800495d   Thumb Code   244  queue.o(i.xQueueGenericSendFromISR)
    xQueueReceive                            0x08004a75   Thumb Code   326  queue.o(i.xQueueReceive)
    xTaskCheckForTimeOut                     0x08004be5   Thumb Code   112  tasks.o(i.xTaskCheckForTimeOut)
    xTaskCreate                              0x08004c81   Thumb Code    96  tasks.o(i.xTaskCreate)
    xTaskGetSchedulerState                   0x08004ce1   Thumb Code    24  tasks.o(i.xTaskGetSchedulerState)
    xTaskGetTickCount                        0x08004d01   Thumb Code     6  tasks.o(i.xTaskGetTickCount)
    xTaskIncrementTick                       0x08004d0d   Thumb Code   272  tasks.o(i.xTaskIncrementTick)
    xTaskPriorityDisinherit                  0x08004e6d   Thumb Code   168  tasks.o(i.xTaskPriorityDisinherit)
    xTaskRemoveFromEventList                 0x08004f45   Thumb Code   118  tasks.o(i.xTaskRemoveFromEventList)
    xTaskResumeAll                           0x08004ff9   Thumb Code   214  tasks.o(i.xTaskResumeAll)
    xTimerCreateTimerTask                    0x08005119   Thumb Code    56  timers.o(i.xTimerCreateTimerTask)
    xTimerGenericCommand                     0x0800518d   Thumb Code   118  timers.o(i.xTimerGenericCommand)
    table_week                               0x08005230   Data          12  rtc.o(.constdata)
    mon_table                                0x0800523c   Data          12  rtc.o(.constdata)
    Region$$Table$$Base                      0x08005354   Number         0  anon$$obj.o(Region$$Table)
    Region$$Table$$Limit                     0x08005374   Number         0  anon$$obj.o(Region$$Table)
    StartTask_Handler                        0x20000000   Data           4  main.o(.data)
    SystemCoreClock                          0x20000004   Data           4  system_stm32f10x.o(.data)
    AHBPrescTable                            0x20000008   Data          16  system_stm32f10x.o(.data)
    TransferError                            0x20000026   Data           1  sdio_sdcard.o(.data)
    TransferEnd                              0x20000027   Data           1  sdio_sdcard.o(.data)
    tempbuff                                 0x20000028   Data           4  sdio_sdcard.o(.data)
    __stdout                                 0x20000030   Data           4  usart.o(.data)
    USART_RX_STA                             0x20000034   Data           2  usart.o(.data)
    sys_cmd_tab                              0x2000004c   Data          28  usmart.o(.data)
    usmart_nametab                           0x20000068   Data          40  usmart_config.o(.data)
    usmart_dev                               0x20000090   Data         244  usmart_config.o(.data)
    pxCurrentTCB                             0x20000184   Data           4  tasks.o(.data)
    START_CHECK_Handler                      0x20000200   Data           4  app_check.o(.data)
    START_PWM_Handler                        0x20000208   Data           4  app_pwm.o(.data)
    calendar                                 0x20000210   Data          10  rtc.o(.bss)
    SDIO_InitStructure                       0x20000220   Data          24  sdio_sdcard.o(.bss)
    SDIO_CmdInitStructure                    0x20000238   Data          20  sdio_sdcard.o(.bss)
    SDIO_DataInitStructure                   0x2000024c   Data          24  sdio_sdcard.o(.bss)
    SDCardInfo                               0x20000288   Data          88  sdio_sdcard.o(.bss)
    SDIO_DATA_BUFFER                         0x200002e0   Data         512  sdio_sdcard.o(.bss)
    USART_RX_BUF                             0x200004e0   Data         200  usart.o(.bss)
    xQueueRegistry                           0x200005a8   Data          64  queue.o(.bss)
    __libspace_start                         0x200058f4   Data          96  libspace.o(.bss)
    __temporary_stack_top$libspace           0x20005954   Data           0  libspace.o(.bss)
    mem2base                                 0x68000000   Data       983040  malloc.o(.ARM.__AT_0x68000000)
    mem2mapbase                              0x680f0000   Data       61440  malloc.o(.ARM.__AT_0x680F0000)



==============================================================================

Memory Map of the image

  Image Entry point : 0x08000131

  Load Region LR_IROM1 (Base: 0x08000000, Size: 0x00005584, Max: 0x00080000, ABSOLUTE, COMPRESSED[0x000053ec])

    Execution Region ER_IROM1 (Base: 0x08000000, Size: 0x00005374, Max: 0x00080000, ABSOLUTE)

    Base Addr    Size         Type   Attr      Idx    E Section Name        Object

    0x08000000   0x00000130   Data   RO         1895    RESET               startup_stm32f10x_hd.o
    0x08000130   0x00000008   Code   RO         5430  * !!!main             c_w.l(__main.o)
    0x08000138   0x00000034   Code   RO         5695    !!!scatter          c_w.l(__scatter.o)
    0x0800016c   0x0000005a   Code   RO         5693    !!dczerorl2         c_w.l(__dczerorl2.o)
    0x080001c6   0x00000002   PAD
    0x080001c8   0x0000001c   Code   RO         5697    !!handler_zi        c_w.l(__scatter_zi.o)
    0x080001e4   0x00000000   Code   RO         5417    .ARM.Collect$$_printf_percent$$00000000  c_w.l(_printf_percent.o)
    0x080001e4   0x00000006   Code   RO         5414    .ARM.Collect$$_printf_percent$$00000009  c_w.l(_printf_d.o)
    0x080001ea   0x00000006   Code   RO         5415    .ARM.Collect$$_printf_percent$$0000000A  c_w.l(_printf_u.o)
    0x080001f0   0x00000006   Code   RO         5413    .ARM.Collect$$_printf_percent$$0000000C  c_w.l(_printf_x.o)
    0x080001f6   0x00000006   Code   RO         5411    .ARM.Collect$$_printf_percent$$00000013  c_w.l(_printf_c.o)
    0x080001fc   0x00000006   Code   RO         5412    .ARM.Collect$$_printf_percent$$00000014  c_w.l(_printf_s.o)
    0x08000202   0x00000004   Code   RO         5471    .ARM.Collect$$_printf_percent$$00000017  c_w.l(_printf_percent_end.o)
    0x08000206   0x00000002   Code   RO         5567    .ARM.Collect$$libinit$$00000000  c_w.l(libinit.o)
    0x08000208   0x00000000   Code   RO         5569    .ARM.Collect$$libinit$$00000002  c_w.l(libinit2.o)
    0x08000208   0x00000000   Code   RO         5571    .ARM.Collect$$libinit$$00000004  c_w.l(libinit2.o)
    0x08000208   0x00000000   Code   RO         5574    .ARM.Collect$$libinit$$0000000A  c_w.l(libinit2.o)
    0x08000208   0x00000000   Code   RO         5576    .ARM.Collect$$libinit$$0000000C  c_w.l(libinit2.o)
    0x08000208   0x00000000   Code   RO         5578    .ARM.Collect$$libinit$$0000000E  c_w.l(libinit2.o)
    0x08000208   0x00000000   Code   RO         5581    .ARM.Collect$$libinit$$00000011  c_w.l(libinit2.o)
    0x08000208   0x00000000   Code   RO         5583    .ARM.Collect$$libinit$$00000013  c_w.l(libinit2.o)
    0x08000208   0x00000000   Code   RO         5585    .ARM.Collect$$libinit$$00000015  c_w.l(libinit2.o)
    0x08000208   0x00000000   Code   RO         5587    .ARM.Collect$$libinit$$00000017  c_w.l(libinit2.o)
    0x08000208   0x00000000   Code   RO         5589    .ARM.Collect$$libinit$$00000019  c_w.l(libinit2.o)
    0x08000208   0x00000000   Code   RO         5591    .ARM.Collect$$libinit$$0000001B  c_w.l(libinit2.o)
    0x08000208   0x00000000   Code   RO         5593    .ARM.Collect$$libinit$$0000001D  c_w.l(libinit2.o)
    0x08000208   0x00000000   Code   RO         5595    .ARM.Collect$$libinit$$0000001F  c_w.l(libinit2.o)
    0x08000208   0x00000000   Code   RO         5597    .ARM.Collect$$libinit$$00000021  c_w.l(libinit2.o)
    0x08000208   0x00000000   Code   RO         5599    .ARM.Collect$$libinit$$00000023  c_w.l(libinit2.o)
    0x08000208   0x00000000   Code   RO         5601    .ARM.Collect$$libinit$$00000025  c_w.l(libinit2.o)
    0x08000208   0x00000000   Code   RO         5605    .ARM.Collect$$libinit$$0000002C  c_w.l(libinit2.o)
    0x08000208   0x00000000   Code   RO         5607    .ARM.Collect$$libinit$$0000002E  c_w.l(libinit2.o)
    0x08000208   0x00000000   Code   RO         5609    .ARM.Collect$$libinit$$00000030  c_w.l(libinit2.o)
    0x08000208   0x00000000   Code   RO         5611    .ARM.Collect$$libinit$$00000032  c_w.l(libinit2.o)
    0x08000208   0x00000002   Code   RO         5612    .ARM.Collect$$libinit$$00000033  c_w.l(libinit2.o)
    0x0800020a   0x00000002   Code   RO         5654    .ARM.Collect$$libshutdown$$00000000  c_w.l(libshutdown.o)
    0x0800020c   0x00000000   Code   RO         5664    .ARM.Collect$$libshutdown$$00000003  c_w.l(libshutdown2.o)
    0x0800020c   0x00000000   Code   RO         5667    .ARM.Collect$$libshutdown$$00000006  c_w.l(libshutdown2.o)
    0x0800020c   0x00000000   Code   RO         5670    .ARM.Collect$$libshutdown$$00000009  c_w.l(libshutdown2.o)
    0x0800020c   0x00000000   Code   RO         5672    .ARM.Collect$$libshutdown$$0000000B  c_w.l(libshutdown2.o)
    0x0800020c   0x00000000   Code   RO         5675    .ARM.Collect$$libshutdown$$0000000E  c_w.l(libshutdown2.o)
    0x0800020c   0x00000002   Code   RO         5676    .ARM.Collect$$libshutdown$$0000000F  c_w.l(libshutdown2.o)
    0x0800020e   0x00000000   Code   RO         5456    .ARM.Collect$$rtentry$$00000000  c_w.l(__rtentry.o)
    0x0800020e   0x00000000   Code   RO         5486    .ARM.Collect$$rtentry$$00000002  c_w.l(__rtentry2.o)
    0x0800020e   0x00000006   Code   RO         5498    .ARM.Collect$$rtentry$$00000004  c_w.l(__rtentry4.o)
    0x08000214   0x00000000   Code   RO         5488    .ARM.Collect$$rtentry$$00000009  c_w.l(__rtentry2.o)
    0x08000214   0x00000004   Code   RO         5489    .ARM.Collect$$rtentry$$0000000A  c_w.l(__rtentry2.o)
    0x08000218   0x00000000   Code   RO         5491    .ARM.Collect$$rtentry$$0000000C  c_w.l(__rtentry2.o)
    0x08000218   0x00000008   Code   RO         5492    .ARM.Collect$$rtentry$$0000000D  c_w.l(__rtentry2.o)
    0x08000220   0x00000002   Code   RO         5613    .ARM.Collect$$rtexit$$00000000  c_w.l(rtexit.o)
    0x08000222   0x00000000   Code   RO         5624    .ARM.Collect$$rtexit$$00000002  c_w.l(rtexit2.o)
    0x08000222   0x00000004   Code   RO         5625    .ARM.Collect$$rtexit$$00000003  c_w.l(rtexit2.o)
    0x08000226   0x00000006   Code   RO         5626    .ARM.Collect$$rtexit$$00000004  c_w.l(rtexit2.o)
    0x0800022c   0x00000096   Code   RO         5182    .emb_text           port.o
    0x080002c2   0x00000002   PAD
    0x080002c4   0x00000040   Code   RO         1896    .text               startup_stm32f10x_hd.o
    0x08000304   0x00000002   Code   RO         5350    .text               c_w.l(use_no_semi_2.o)
    0x08000306   0x00000002   PAD
    0x08000308   0x00000018   Code   RO         5358    .text               c_w.l(noretval__2printf.o)
    0x08000320   0x0000004e   Code   RO         5364    .text               c_w.l(_printf_pad.o)
    0x0800036e   0x00000052   Code   RO         5366    .text               c_w.l(_printf_str.o)
    0x080003c0   0x00000078   Code   RO         5368    .text               c_w.l(_printf_dec.o)
    0x08000438   0x00000058   Code   RO         5373    .text               c_w.l(_printf_hex_int.o)
    0x08000490   0x00000188   Code   RO         5408    .text               c_w.l(__printf_flags_ss_wp.o)
    0x08000618   0x0000008a   Code   RO         5422    .text               c_w.l(rt_memcpy_v6.o)
    0x080006a2   0x00000010   Code   RO         5424    .text               c_w.l(aeabi_memset.o)
    0x080006b2   0x00000006   Code   RO         5428    .text               c_w.l(heapauxi.o)
    0x080006b8   0x00000002   Code   RO         5454    .text               c_w.l(use_no_semi.o)
    0x080006ba   0x000000b2   Code   RO         5459    .text               c_w.l(_printf_intcommon.o)
    0x0800076c   0x00000030   Code   RO         5463    .text               c_w.l(_printf_char_common.o)
    0x0800079c   0x0000002c   Code   RO         5467    .text               c_w.l(_printf_char.o)
    0x080007c8   0x00000024   Code   RO         5469    .text               c_w.l(_printf_char_file.o)
    0x080007ec   0x00000064   Code   RO         5472    .text               c_w.l(rt_memcpy_w.o)
    0x08000850   0x00000044   Code   RO         5474    .text               c_w.l(rt_memclr.o)
    0x08000894   0x00000008   Code   RO         5540    .text               c_w.l(ferror.o)
    0x0800089c   0x0000004e   Code   RO         5547    .text               c_w.l(rt_memclr_w.o)
    0x080008ea   0x00000002   PAD
    0x080008ec   0x00000008   Code   RO         5553    .text               c_w.l(libspace.o)
    0x080008f4   0x0000004a   Code   RO         5556    .text               c_w.l(sys_stackheap_outer.o)
    0x0800093e   0x0000000c   Code   RO         5560    .text               c_w.l(exit.o)
    0x0800094a   0x00000016   Code   RO         3788    i.ADC_Cmd           stm32f10x_adc.o
    0x08000960   0x0000005c   Code   RO         3790    i.ADC_DeInit        stm32f10x_adc.o
    0x080009bc   0x00000014   Code   RO         3796    i.ADC_GetCalibrationStatus  stm32f10x_adc.o
    0x080009d0   0x00000008   Code   RO         3797    i.ADC_GetConversionValue  stm32f10x_adc.o
    0x080009d8   0x00000012   Code   RO         3799    i.ADC_GetFlagStatus  stm32f10x_adc.o
    0x080009ea   0x00000014   Code   RO         3802    i.ADC_GetResetCalibrationStatus  stm32f10x_adc.o
    0x080009fe   0x00000002   PAD
    0x08000a00   0x00000050   Code   RO         3806    i.ADC_Init          stm32f10x_adc.o
    0x08000a50   0x000000b8   Code   RO         3810    i.ADC_RegularChannelConfig  stm32f10x_adc.o
    0x08000b08   0x0000000a   Code   RO         3811    i.ADC_ResetCalibration  stm32f10x_adc.o
    0x08000b12   0x00000016   Code   RO         3813    i.ADC_SoftwareStartConvCmd  stm32f10x_adc.o
    0x08000b28   0x0000000a   Code   RO         3815    i.ADC_StartCalibration  stm32f10x_adc.o
    0x08000b32   0x00000002   PAD
    0x08000b34   0x0000008c   Code   RO         1020    i.Adc_Init          adc.o
    0x08000bc0   0x00000004   Code   RO          217    i.BusFault_Handler  stm32f10x_it.o
    0x08000bc4   0x00000008   Code   RO         5298    i.CHECK_INIT        app_check.o
    0x08000bcc   0x00000034   Code   RO         5299    i.CHECK_TaskCreat   app_check.o
    0x08000c00   0x00000060   Code   RO          655    i.CmdResp1Error     sdio_sdcard.o
    0x08000c60   0x00000002   Code   RO          218    i.DebugMon_Handler  stm32f10x_it.o
    0x08000c62   0x00000002   PAD
    0x08000c64   0x00000018   Code   RO          981    i.EXTI0_IRQHandler  exti.o
    0x08000c7c   0x0000002c   Code   RO          982    i.EXTI2_IRQHandler  exti.o
    0x08000ca8   0x0000002c   Code   RO          983    i.EXTI3_IRQHandler  exti.o
    0x08000cd4   0x00000048   Code   RO          984    i.EXTI4_IRQHandler  exti.o
    0x08000d1c   0x0000000c   Code   RO         3729    i.EXTI_ClearITPendingBit  stm32f10x_exti.o
    0x08000d28   0x00000116   Code   RO         2140    i.GPIO_Init         stm32f10x_gpio.o
    0x08000e3e   0x00000002   PAD
    0x08000e40   0x00000090   Code   RO         2142    i.GPIO_PinRemapConfig  stm32f10x_gpio.o
    0x08000ed0   0x00000012   Code   RO         2144    i.GPIO_ReadInputDataBit  stm32f10x_gpio.o
    0x08000ee2   0x00000002   PAD
    0x08000ee4   0x00000034   Code   RO         1021    i.Get_Adc           adc.o
    0x08000f18   0x0000002e   Code   RO         1022    i.Get_Adc_Average   adc.o
    0x08000f46   0x00000004   Code   RO          219    i.HardFault_Handler  stm32f10x_it.o
    0x08000f4a   0x0000003a   Code   RO          566    i.Is_Leap_Year      rtc.o
    0x08000f84   0x00000004   Code   RO          220    i.MemManage_Handler  stm32f10x_it.o
    0x08000f88   0x00000002   Code   RO          221    i.NMI_Handler       stm32f10x_it.o
    0x08000f8a   0x00000002   PAD
    0x08000f8c   0x00000070   Code   RO         1900    i.NVIC_Init         misc.o
    0x08000ffc   0x00000014   Code   RO         1901    i.NVIC_PriorityGroupConfig  misc.o
    0x08001010   0x0000000e   Code   RO         5323    i.PWM_INIT          app_pwm.o
    0x0800101e   0x00000002   PAD
    0x08001020   0x00000030   Code   RO         5324    i.PWM_TaskCreat     app_pwm.o
    0x08001050   0x0000000c   Code   RO         2248    i.PWR_BackupAccessCmd  stm32f10x_pwr.o
    0x0800105c   0x00000018   Code   RO         2308    i.RCC_ADCCLKConfig  stm32f10x_rcc.o
    0x08001074   0x00000020   Code   RO         2310    i.RCC_APB1PeriphClockCmd  stm32f10x_rcc.o
    0x08001094   0x00000020   Code   RO         2312    i.RCC_APB2PeriphClockCmd  stm32f10x_rcc.o
    0x080010b4   0x00000020   Code   RO         2313    i.RCC_APB2PeriphResetCmd  stm32f10x_rcc.o
    0x080010d4   0x000000d4   Code   RO         2320    i.RCC_GetClocksFreq  stm32f10x_rcc.o
    0x080011a8   0x00000010   Code   RO         2689    i.RTC_ClearITPendingBit  stm32f10x_rtc.o
    0x080011b8   0x00000014   Code   RO         2690    i.RTC_EnterConfigMode  stm32f10x_rtc.o
    0x080011cc   0x00000014   Code   RO         2691    i.RTC_ExitConfigMode  stm32f10x_rtc.o
    0x080011e0   0x00000100   Code   RO          568    i.RTC_Get           rtc.o
    0x080012e0   0x00000014   Code   RO         2692    i.RTC_GetCounter    stm32f10x_rtc.o
    0x080012f4   0x00000024   Code   RO         2695    i.RTC_GetITStatus   stm32f10x_rtc.o
    0x08001318   0x00000078   Code   RO          569    i.RTC_Get_Week      rtc.o
    0x08001390   0x00000070   Code   RO          570    i.RTC_IRQHandler    rtc.o
    0x08001400   0x000000c8   Code   RO          573    i.RTC_Set           rtc.o
    0x080014c8   0x0000001c   Code   RO         2698    i.RTC_SetCounter    stm32f10x_rtc.o
    0x080014e4   0x00000014   Code   RO         2700    i.RTC_WaitForLastTask  stm32f10x_rtc.o
    0x080014f8   0x0000000c   Code   RO         3471    i.SDIO_ClearFlag    stm32f10x_sdio.o
    0x08001504   0x00000018   Code   RO         3483    i.SDIO_GetFlagStatus  stm32f10x_sdio.o
    0x0800151c   0x00000008   Code   RO          664    i.SDIO_IRQHandler   sdio_sdcard.o
    0x08001524   0x0000002c   Code   RO         3491    i.SDIO_SendCommand  stm32f10x_sdio.o
    0x08001550   0x0000013c   Code   RO          673    i.SD_ProcessIRQSrc  sdio_sdcard.o
    0x0800168c   0x00000008   Code   RO          288    i.SetSysClock       system_stm32f10x.o
    0x08001694   0x000000e0   Code   RO          289    i.SetSysClockTo72   system_stm32f10x.o
    0x08001774   0x00000028   Code   RO         1904    i.SysTick_CLKSourceConfig  misc.o
    0x0800179c   0x00000010   Code   RO         1047    i.SysTick_Handler   delay.o
    0x080017ac   0x00000060   Code   RO          291    i.SystemInit        system_stm32f10x.o
    0x0800180c   0x00000030   Code   RO          957    i.TIM3_IRQHandler   timer.o
    0x0800183c   0x00000090   Code   RO          959    i.TIM3_PWM_Init     timer.o
    0x080018cc   0x00000038   Code   RO         4004    i.TIM4_IRQHandler   usmart.o
    0x08001904   0x00000006   Code   RO         2788    i.TIM_ClearFlag     stm32f10x_tim.o
    0x0800190a   0x00000006   Code   RO         2789    i.TIM_ClearITPendingBit  stm32f10x_tim.o
    0x08001910   0x00000018   Code   RO         2794    i.TIM_Cmd           stm32f10x_tim.o
    0x08001928   0x00000006   Code   RO         2813    i.TIM_GetCounter    stm32f10x_tim.o
    0x0800192e   0x00000012   Code   RO         2814    i.TIM_GetFlagStatus  stm32f10x_tim.o
    0x08001940   0x00000022   Code   RO         2815    i.TIM_GetITStatus   stm32f10x_tim.o
    0x08001962   0x00000012   Code   RO         2819    i.TIM_ITConfig      stm32f10x_tim.o
    0x08001974   0x000000a4   Code   RO         2828    i.TIM_OC2Init       stm32f10x_tim.o
    0x08001a18   0x0000001a   Code   RO         2831    i.TIM_OC2PreloadConfig  stm32f10x_tim.o
    0x08001a32   0x00000004   Code   RO         2853    i.TIM_SetAutoreload  stm32f10x_tim.o
    0x08001a36   0x00000004   Code   RO         2856    i.TIM_SetCompare2   stm32f10x_tim.o
    0x08001a3a   0x00000004   Code   RO         2859    i.TIM_SetCounter    stm32f10x_tim.o
    0x08001a3e   0x00000002   PAD
    0x08001a40   0x000000a4   Code   RO         2865    i.TIM_TimeBaseInit  stm32f10x_tim.o
    0x08001ae4   0x0000005c   Code   RO         4005    i.Timer4_Init       usmart.o
    0x08001b40   0x00000088   Code   RO         1139    i.USART1_IRQHandler  usart.o
    0x08001bc8   0x00000018   Code   RO         2512    i.USART_Cmd         stm32f10x_usart.o
    0x08001be0   0x00000054   Code   RO         2516    i.USART_GetITStatus  stm32f10x_usart.o
    0x08001c34   0x0000004a   Code   RO         2518    i.USART_ITConfig    stm32f10x_usart.o
    0x08001c7e   0x00000002   PAD
    0x08001c80   0x000000d8   Code   RO         2519    i.USART_Init        stm32f10x_usart.o
    0x08001d58   0x0000000a   Code   RO         2526    i.USART_ReceiveData  stm32f10x_usart.o
    0x08001d62   0x00000004   Code   RO          222    i.UsageFault_Handler  stm32f10x_it.o
    0x08001d66   0x0000000e   Code   RO         5401    i._is_digit         c_w.l(__printf_wp.o)
    0x08001d74   0x00000004   Code   RO         1140    i._sys_exit         usart.o
    0x08001d78   0x0000005c   Code   RO         1048    i.delay_init        delay.o
    0x08001dd4   0x00000044   Code   RO         1049    i.delay_ms          delay.o
    0x08001e18   0x00000048   Code   RO         1053    i.delay_us          delay.o
    0x08001e60   0x0000001c   Code   RO         1141    i.fputc             usart.o
    0x08001e7c   0x00000020   Code   RO            2    i.hardware_init     main.o
    0x08001e9c   0x00000038   Code   RO            3    i.main              main.o
    0x08001ed4   0x00000098   Code   RO         4583    i.prvAddCurrentTaskToDelayedList  tasks.o
    0x08001f6c   0x000000b8   Code   RO         4584    i.prvAddNewTaskToReadyList  tasks.o
    0x08002024   0x00000064   Code   RO         4967    i.prvCheckForValidListAndQueue  timers.o
    0x08002088   0x00000048   Code   RO         4585    i.prvCheckTasksWaitingTermination  tasks.o
    0x080020d0   0x0000002a   Code   RO         4330    i.prvCopyDataFromQueue  queue.o
    0x080020fa   0x0000007e   Code   RO         4331    i.prvCopyDataToQueue  queue.o
    0x08002178   0x00000012   Code   RO         4586    i.prvDeleteTCB      tasks.o
    0x0800218a   0x00000002   PAD
    0x0800218c   0x00000028   Code   RO         4968    i.prvGetNextExpireTime  timers.o
    0x080021b4   0x0000007c   Code   RO         5127    i.prvHeapInit       heap_4.o
    0x08002230   0x00000028   Code   RO         4587    i.prvIdleTask       tasks.o
    0x08002258   0x0000002e   Code   RO         4334    i.prvInitialiseNewQueue  queue.o
    0x08002286   0x00000002   PAD
    0x08002288   0x000000d8   Code   RO         4588    i.prvInitialiseNewTask  tasks.o
    0x08002360   0x00000068   Code   RO         4589    i.prvInitialiseTaskLists  tasks.o
    0x080023c8   0x00000068   Code   RO         5128    i.prvInsertBlockIntoFreeList  heap_4.o
    0x08002430   0x00000058   Code   RO         4970    i.prvInsertTimerInActiveList  timers.o
    0x08002488   0x0000001a   Code   RO         4335    i.prvIsQueueEmpty   queue.o
    0x080024a2   0x0000001e   Code   RO         4336    i.prvIsQueueFull    queue.o
    0x080024c0   0x0000009c   Code   RO         4337    i.prvNotifyQueueSetContainer  queue.o
    0x0800255c   0x00000090   Code   RO         4971    i.prvProcessExpiredTimer  timers.o
    0x080025ec   0x0000016c   Code   RO         4972    i.prvProcessReceivedCommands  timers.o
    0x08002758   0x00000074   Code   RO         4973    i.prvProcessTimerOrBlockTask  timers.o
    0x080027cc   0x00000034   Code   RO         4591    i.prvResetNextTaskUnblockTime  tasks.o
    0x08002800   0x0000002c   Code   RO         4974    i.prvSampleTimeNow  timers.o
    0x0800282c   0x000000c0   Code   RO         4975    i.prvSwitchTimerLists  timers.o
    0x080028ec   0x00000070   Code   RO         5183    i.prvTaskExitError  port.o
    0x0800295c   0x0000001a   Code   RO         4976    i.prvTimerTask      timers.o
    0x08002976   0x00000090   Code   RO         4338    i.prvUnlockQueue    queue.o
    0x08002a06   0x00000002   PAD
    0x08002a08   0x00000160   Code   RO         5129    i.pvPortMalloc      heap_4.o
    0x08002b68   0x00000024   Code   RO         5184    i.pxPortInitialiseStack  port.o
    0x08002b8c   0x00000006   Code   RO         4006    i.read_addr         usmart.o
    0x08002b92   0x00000002   PAD
    0x08002b94   0x00000030   Code   RO         5300    i.start_CHECK_task  app_check.o
    0x08002bc4   0x00000024   Code   RO         5325    i.start_PWM_task    app_pwm.o
    0x08002be8   0x00000028   Code   RO            4    i.start_task        main.o
    0x08002c10   0x000000a0   Code   RO         1142    i.uart_init         usart.o
    0x08002cb0   0x000000b0   Code   RO         4007    i.usmart_cmd_rec    usmart.o
    0x08002d60   0x000002d4   Code   RO         4008    i.usmart_exe        usmart.o
    0x08003034   0x000000c8   Code   RO         4096    i.usmart_get_aparm  usmart_str.o
    0x080030fc   0x00000036   Code   RO         4097    i.usmart_get_cmdname  usmart_str.o
    0x08003132   0x00000002   PAD
    0x08003134   0x000001c0   Code   RO         4098    i.usmart_get_fname  usmart_str.o
    0x080032f4   0x0000010c   Code   RO         4099    i.usmart_get_fparam  usmart_str.o
    0x08003400   0x00000020   Code   RO         4100    i.usmart_get_parmpos  usmart_str.o
    0x08003420   0x00000044   Code   RO         4009    i.usmart_get_runtime  usmart.o
    0x08003464   0x00000028   Code   RO         4010    i.usmart_init       usmart.o
    0x0800348c   0x00000016   Code   RO         4101    i.usmart_pow        usmart_str.o
    0x080034a2   0x00000002   PAD
    0x080034a4   0x00000030   Code   RO         4011    i.usmart_reset_runtime  usmart.o
    0x080034d4   0x000000bc   Code   RO         4012    i.usmart_scan       usmart.o
    0x08003590   0x00000016   Code   RO         4102    i.usmart_search_nextc  usmart_str.o
    0x080035a6   0x000000ca   Code   RO         4103    i.usmart_str2num    usmart_str.o
    0x08003670   0x00000022   Code   RO         4104    i.usmart_strcmp     usmart_str.o
    0x08003692   0x00000016   Code   RO         4105    i.usmart_strcopy    usmart_str.o
    0x080036a8   0x00000018   Code   RO         4106    i.usmart_strlen     usmart_str.o
    0x080036c0   0x000006e4   Code   RO         4013    i.usmart_sys_cmd_exe  usmart.o
    0x08003da4   0x00000028   Code   RO         4290    i.uxListRemove      list.o
    0x08003dcc   0x0000001a   Code   RO         4291    i.vListInitialise   list.o
    0x08003de6   0x00000006   Code   RO         4292    i.vListInitialiseItem  list.o
    0x08003dec   0x00000034   Code   RO         4293    i.vListInsert       list.o
    0x08003e20   0x00000018   Code   RO         4294    i.vListInsertEnd    list.o
    0x08003e38   0x00000088   Code   RO         5186    i.vPortEnterCritical  port.o
    0x08003ec0   0x00000070   Code   RO         5187    i.vPortExitCritical  port.o
    0x08003f30   0x000000c8   Code   RO         5130    i.vPortFree         heap_4.o
    0x08003ff8   0x00000028   Code   RO         5188    i.vPortSetupTimerInterrupt  port.o
    0x08004020   0x000000a0   Code   RO         5189    i.vPortValidateInterruptPriority  port.o
    0x080040c0   0x0000002c   Code   RO         4344    i.vQueueAddToRegistry  queue.o
    0x080040ec   0x0000004a   Code   RO         4348    i.vQueueWaitForMessageRestricted  queue.o
    0x08004136   0x00000002   PAD
    0x08004138   0x00000074   Code   RO         4604    i.vTaskDelay        tasks.o
    0x080041ac   0x0000010c   Code   RO         4606    i.vTaskDelete       tasks.o
    0x080042b8   0x00000018   Code   RO         4609    i.vTaskInternalSetTimeOutState  tasks.o
    0x080042d0   0x0000000c   Code   RO         4611    i.vTaskMissedYield  tasks.o
    0x080042dc   0x00000054   Code   RO         4613    i.vTaskPlaceOnEventList  tasks.o
    0x08004330   0x0000005c   Code   RO         4614    i.vTaskPlaceOnEventListRestricted  tasks.o
    0x0800438c   0x000000ac   Code   RO         4622    i.vTaskStartScheduler  tasks.o
    0x08004438   0x00000010   Code   RO         4624    i.vTaskSuspendAll   tasks.o
    0x08004448   0x000000a8   Code   RO         4625    i.vTaskSwitchContext  tasks.o
    0x080044f0   0x00000004   Code   RO         4014    i.write_addr        usmart.o
    0x080044f4   0x00000140   Code   RO         5190    i.xPortStartScheduler  port.o
    0x08004634   0x00000034   Code   RO         5191    i.xPortSysTickHandler  port.o
    0x08004668   0x00000070   Code   RO         4353    i.xQueueGenericCreate  queue.o
    0x080046d8   0x000000b0   Code   RO         4354    i.xQueueGenericReset  queue.o
    0x08004788   0x000001d4   Code   RO         4355    i.xQueueGenericSend  queue.o
    0x0800495c   0x00000118   Code   RO         4356    i.xQueueGenericSendFromISR  queue.o
    0x08004a74   0x00000170   Code   RO         4363    i.xQueueReceive     queue.o
    0x08004be4   0x0000009c   Code   RO         4627    i.xTaskCheckForTimeOut  tasks.o
    0x08004c80   0x00000060   Code   RO         4628    i.xTaskCreate       tasks.o
    0x08004ce0   0x00000020   Code   RO         4632    i.xTaskGetSchedulerState  tasks.o
    0x08004d00   0x0000000c   Code   RO         4633    i.xTaskGetTickCount  tasks.o
    0x08004d0c   0x00000160   Code   RO         4635    i.xTaskIncrementTick  tasks.o
    0x08004e6c   0x000000d8   Code   RO         4638    i.xTaskPriorityDisinherit  tasks.o
    0x08004f44   0x000000b4   Code   RO         4640    i.xTaskRemoveFromEventList  tasks.o
    0x08004ff8   0x00000120   Code   RO         4641    i.xTaskResumeAll    tasks.o
    0x08005118   0x00000074   Code   RO         4984    i.xTimerCreateTimerTask  timers.o
    0x0800518c   0x000000a4   Code   RO         4985    i.xTimerGenericCommand  timers.o
    0x08005230   0x00000018   Data   RO          575    .constdata          rtc.o
    0x08005248   0x00000028   Data   RO         5374    .constdata          c_w.l(_printf_hex_int.o)
    0x08005270   0x00000011   Data   RO         5409    .constdata          c_w.l(__printf_flags_ss_wp.o)
    0x08005281   0x00000003   PAD
    0x08005284   0x00000028   Data   RO         4015    .conststring        usmart.o
    0x080052ac   0x000000a7   Data   RO         4080    .conststring        usmart_config.o
    0x08005353   0x00000001   PAD
    0x08005354   0x00000020   Data   RO         5691    Region$$Table       anon$$obj.o


    Execution Region RW_IRAM1 (Base: 0x20000000, Size: 0x00005f58, Max: 0x00010000, ABSOLUTE, COMPRESSED[0x00000078])

    Base Addr    Size         Type   Attr      Idx    E Section Name        Object

    0x20000000   0x00000004   Data   RW            5    .data               main.o
    0x20000004   0x00000014   Data   RW          292    .data               system_stm32f10x.o
    0x20000018   0x00000002   Data   RW          576    .data               rtc.o
    0x2000001a   0x00000002   PAD
    0x2000001c   0x00000010   Data   RW          685    .data               sdio_sdcard.o
    0x2000002c   0x00000004   Data   RW         1054    .data               delay.o
    0x20000030   0x00000006   Data   RW         1144    .data               usart.o
    0x20000036   0x00000014   Data   RW         2340    .data               stm32f10x_rcc.o
    0x2000004a   0x00000002   PAD
    0x2000004c   0x0000001c   Data   RW         4016    .data               usmart.o
    0x20000068   0x0000011c   Data   RW         4081    .data               usmart_config.o
    0x20000184   0x0000003c   Data   RW         4644    .data               tasks.o
    0x200001c0   0x00000014   Data   RW         4993    .data               timers.o
    0x200001d4   0x00000020   Data   RW         5136    .data               heap_4.o
    0x200001f4   0x0000000c   Data   RW         5192    .data               port.o
    0x20000200   0x00000008   Data   RW         5301    .data               app_check.o
    0x20000208   0x00000006   Data   RW         5326    .data               app_pwm.o
    0x2000020e   0x00000002   PAD
    0x20000210   0x0000000a   Zero   RW          574    .bss                rtc.o
    0x2000021a   0x00000006   PAD
    0x20000220   0x000002c0   Zero   RW          684    .bss                sdio_sdcard.o
    0x200004e0   0x000000c8   Zero   RW         1143    .bss                usart.o
    0x200005a8   0x00000040   Zero   RW         4370    .bss                queue.o
    0x200005e8   0x000002e4   Zero   RW         4643    .bss                tasks.o
    0x200008cc   0x00000028   Zero   RW         4992    .bss                timers.o
    0x200008f4   0x00005000   Zero   RW         5135    .bss                heap_4.o
    0x200058f4   0x00000060   Zero   RW         5554    .bss                c_w.l(libspace.o)
    0x20005954   0x00000004   PAD
    0x20005958   0x00000200   Zero   RW         1894    HEAP                startup_stm32f10x_hd.o
    0x20005b58   0x00000400   Zero   RW         1893    STACK               startup_stm32f10x_hd.o



  Load Region LR$$.ARM.__AT_0x68000000 (Base: 0x68000000, Size: 0x00000000, Max: 0x000f0000, ABSOLUTE)

    Execution Region ER$$.ARM.__AT_0x68000000 (Base: 0x68000000, Size: 0x000f0000, Max: 0x000f0000, ABSOLUTE, UNINIT)

    Base Addr    Size         Type   Attr      Idx    E Section Name        Object

    0x68000000   0x000f0000   Zero   RW         1195    .ARM.__AT_0x68000000  malloc.o



  Load Region LR$$.ARM.__AT_0x680F0000 (Base: 0x680f0000, Size: 0x00000000, Max: 0x0000f000, ABSOLUTE)

    Execution Region ER$$.ARM.__AT_0x680F0000 (Base: 0x680f0000, Size: 0x0000f000, Max: 0x0000f000, ABSOLUTE, UNINIT)

    Base Addr    Size         Type   Attr      Idx    E Section Name        Object

    0x680f0000   0x0000f000   Zero   RW         1196    .ARM.__AT_0x680F0000  malloc.o


==============================================================================

Image component sizes


      Code (inc. data)   RO Data    RW Data    ZI Data      Debug   Object Name

       238         14          0          0          0       1671   adc.o
       108         36          0          8          0       1600   app_check.o
        98         34          0          6          0       1544   app_pwm.o
       248         28          0          4          0       2193   delay.o
         0          0          0          0          0       8964   event_groups.o
       184         40          0          0          0       1800   exti.o
       780        184          0         32      20480       3771   heap_4.o
         0          0          0          0          0       1452   lcd.o
       148          0          0          0          0       2878   list.o
       128         28          0          4          0     282660   main.o
         0          0          0          0    1044480       1501   malloc.o
       172         22          0          0          0       1965   misc.o
      1118        378          0         12          0       9889   port.o
      2092        242          0          0         64      14458   queue.o
       746         72         24          2         10       4271   rtc.o
       420         26          0         16        704      11286   sdio_sdcard.o
        64         26        304          0       1536        784   startup_stm32f10x_hd.o
       486         24          0          0          0       8234   stm32f10x_adc.o
        12          6          0          0          0        501   stm32f10x_exti.o
       440          6          0          0          0       3294   stm32f10x_gpio.o
        20          0          0          0          0       2341   stm32f10x_it.o
        12          6          0          0          0        486   stm32f10x_pwr.o
       332         44          0         20          0       5386   stm32f10x_rcc.o
       160         30          0          0          0       3389   stm32f10x_rtc.o
        80         16          0          0          0       3345   stm32f10x_sdio.o
       478         52          0          0          0       7779   stm32f10x_tim.o
       408          6          0          0          0       4810   stm32f10x_usart.o
         0          0          0          0          0         32   sys.o
       328         28          0         20          0       1977   system_stm32f10x.o
      3122        822          0         60        740      26576   tasks.o
       192         24          0          0          0       1150   timer.o
      1394        312          0         20         40      12835   timers.o
       328         26          0          6        200       4004   usart.o
      3166       1330         40         28          0       7218   usmart.o
         0          0        167        284          0       1568   usmart_config.o
      1328         20          0          0          0       8017   usmart_str.o

    ----------------------------------------------------------------------
     18864       3882        568        528    1068260     455629   Object Totals
         0          0         32          0          0          0   (incl. Generated)
        34          0          1          6          6          0   (incl. Padding)

    ----------------------------------------------------------------------

      Code (inc. data)   RO Data    RW Data    ZI Data      Debug   Library Member Name

        90          0          0          0          0          0   __dczerorl2.o
         8          0          0          0          0         68   __main.o
       392          4         17          0          0         92   __printf_flags_ss_wp.o
        14          0          0          0          0         68   __printf_wp.o
         0          0          0          0          0          0   __rtentry.o
        12          0          0          0          0          0   __rtentry2.o
         6          0          0          0          0          0   __rtentry4.o
        52          8          0          0          0          0   __scatter.o
        28          0          0          0          0          0   __scatter_zi.o
         6          0          0          0          0          0   _printf_c.o
        44          0          0          0          0        108   _printf_char.o
        48          6          0          0          0         96   _printf_char_common.o
        36          4          0          0          0         80   _printf_char_file.o
         6          0          0          0          0          0   _printf_d.o
       120         16          0          0          0         92   _printf_dec.o
        88          4         40          0          0         88   _printf_hex_int.o
       178          0          0          0          0         88   _printf_intcommon.o
        78          0          0          0          0        108   _printf_pad.o
         0          0          0          0          0          0   _printf_percent.o
         4          0          0          0          0          0   _printf_percent_end.o
         6          0          0          0          0          0   _printf_s.o
        82          0          0          0          0         80   _printf_str.o
         6          0          0          0          0          0   _printf_u.o
         6          0          0          0          0          0   _printf_x.o
        16          0          0          0          0         68   aeabi_memset.o
        12          0          0          0          0         72   exit.o
         8          0          0          0          0         68   ferror.o
         6          0          0          0          0        152   heapauxi.o
         2          0          0          0          0          0   libinit.o
         2          0          0          0          0          0   libinit2.o
         2          0          0          0          0          0   libshutdown.o
         2          0          0          0          0          0   libshutdown2.o
         8          4          0          0         96         68   libspace.o
        24          4          0          0          0         84   noretval__2printf.o
        68          0          0          0          0         68   rt_memclr.o
        78          0          0          0          0         80   rt_memclr_w.o
       138          0          0          0          0         68   rt_memcpy_v6.o
       100          0          0          0          0         80   rt_memcpy_w.o
         2          0          0          0          0          0   rtexit.o
        10          0          0          0          0          0   rtexit2.o
        74          0          0          0          0         80   sys_stackheap_outer.o
         2          0          0          0          0         68   use_no_semi.o
         2          0          0          0          0         68   use_no_semi_2.o

    ----------------------------------------------------------------------
      1872         50         60          0        100       1992   Library Totals
         6          0          3          0          4          0   (incl. Padding)

    ----------------------------------------------------------------------

      Code (inc. data)   RO Data    RW Data    ZI Data      Debug   Library Name

      1866         50         57          0         96       1992   c_w.l

    ----------------------------------------------------------------------
      1872         50         60          0        100       1992   Library Totals

    ----------------------------------------------------------------------

==============================================================================


      Code (inc. data)   RO Data    RW Data    ZI Data      Debug   

     20736       3932        628        528    1068360     447217   Grand Totals
     20736       3932        628        120    1068360     447217   ELF Image Totals (compressed)
     20736       3932        628        120          0          0   ROM Totals

==============================================================================

    Total RO  Size (Code + RO Data)                21364 (  20.86kB)
    Total RW  Size (RW Data + ZI Data)           1068888 (1043.84kB)
    Total ROM Size (Code + RO Data + RW Data)      21484 (  20.98kB)

==============================================================================

